 continental_test_sfun

 Timestamp is 5e81b1fb (Mon Mar 30 16:46:51 2020)

 Preferred load address is 0000000180000000

 Start         Length     Name                   Class
 0001:00000000 0002d3feH .text                   CODE
 0001:0002d400 0000007bH .text$x                 CODE
 0002:00000000 00000458H .idata$5                DATA
 0002:00000458 00000008H .CRT$XCA                DATA
 0002:00000460 00000008H .CRT$XCZ                DATA
 0002:00000468 00000008H .CRT$XIA                DATA
 0002:00000470 00000008H .CRT$XIAA               DATA
 0002:00000478 00000008H .CRT$XIC                DATA
 0002:00000480 00000008H .CRT$XIZ                DATA
 0002:00000490 000007d0H .rdata                  DATA
 0002:00000c60 00000008H .rtc$IAA                DATA
 0002:00000c68 00000008H .rtc$IZZ                DATA
 0002:00000c70 00000008H .rtc$TAA                DATA
 0002:00000c78 00000008H .rtc$TZZ                DATA
 0002:00000c80 00000ce4H .xdata                  DATA
 0002:00001964 0000008cH .idata$2                DATA
 0002:000019f0 00000014H .idata$3                DATA
 0002:00001a08 00000458H .idata$4                DATA
 0002:00001e60 00000c2eH .idata$6                DATA
 0002:00002a90 0000005bH .edata                  DATA
 0003:00000000 000094d8H .data                   DATA
 0003:000094e0 000006f8H .bss                    DATA
 0004:00000000 00000f9cH .pdata                  DATA

  Address         Publics by Value              Rva+Base               Lib:Object

 0000:00000000       ___safe_se_handler_count   0000000000000000     <absolute>
 0000:00000000       ___safe_se_handler_table   0000000000000000     <absolute>
 0000:00000000       __ImageBase                0000000180000000     <linker-defined>
 0001:00000000       continental_test_initializer 0000000180001000 f   continental_test_sfun.obj
 0001:00000010       continental_test_terminator 0000000180001010 f   continental_test_sfun.obj
 0001:00000020       load_continental_test_optimization_info 0000000180001020 f   continental_test_sfun.obj
 0001:00000070       unload_continental_test_optimization_info 0000000180001070 f   continental_test_sfun.obj
 0001:000000a0       sf_continental_test_method_dispatcher 00000001800010a0 f   continental_test_sfun.obj
 0001:00000170       sf_continental_test_process_check_sum_call 0000000180001170 f   continental_test_sfun.obj
 0001:00000850       sf_continental_test_autoinheritance_info 0000000180001850 f   continental_test_sfun.obj
 0001:00000bd0       sf_continental_test_get_eml_resolved_functions_info 0000000180001bd0 f   continental_test_sfun.obj
 0001:00000e50       sf_continental_test_third_party_uses_info 0000000180001e50 f   continental_test_sfun.obj
 0001:00001110       sf_continental_test_updateBuildInfo_args_info 0000000180002110 f   continental_test_sfun.obj
 0001:000013d0       continental_test_debug_initialize 00000001800023d0 f   continental_test_sfun.obj
 0001:00001450       continental_test_register_exported_symbols 0000000180002450 f   continental_test_sfun.obj
 0001:00001460       sf_c1_continental_test_get_eml_resolved_functions_info 0000000180002460 f   c1_continental_test.obj
 0001:000014e0       sf_c1_continental_test_get_check_sum 00000001800024e0 f   c1_continental_test.obj
 0001:000015b0       c1_continental_test_method_dispatcher 00000001800025b0 f   c1_continental_test.obj
 0001:00003110       sf_c1_continental_test_get_autoinheritance_info 0000000180004110 f   c1_continental_test.obj
 0001:00003920       sf_c1_continental_test_third_party_uses_info 0000000180004920 f   c1_continental_test.obj
 0001:00003950       sf_c1_continental_test_updateBuildInfo_args_info 0000000180004950 f   c1_continental_test.obj
 0001:00004770       sf_internal_get_sim_state_c1_continental_test 0000000180005770 f   c1_continental_test.obj
 0001:000048d0       sf_internal_set_sim_state_c1_continental_test 00000001800058d0 f   c1_continental_test.obj
 0001:00005450       sf_c2_continental_test_get_eml_resolved_functions_info 0000000180006450 f   c2_continental_test.obj
 0001:000054c0       sf_c2_continental_test_get_check_sum 00000001800064c0 f   c2_continental_test.obj
 0001:00005590       c2_continental_test_method_dispatcher 0000000180006590 f   c2_continental_test.obj
 0001:0000d190       sf_c2_continental_test_get_autoinheritance_info 000000018000e190 f   c2_continental_test.obj
 0001:0000d850       sf_c2_continental_test_third_party_uses_info 000000018000e850 f   c2_continental_test.obj
 0001:0000d880       sf_c2_continental_test_updateBuildInfo_args_info 000000018000e880 f   c2_continental_test.obj
 0001:0000eb00       sf_internal_get_sim_state_c2_continental_test 000000018000fb00 f   c2_continental_test.obj
 0001:0000ec60       sf_internal_set_sim_state_c2_continental_test 000000018000fc60 f   c2_continental_test.obj
 0001:0000f7a0       sf_c3_continental_test_get_eml_resolved_functions_info 00000001800107a0 f   c3_continental_test.obj
 0001:0000f820       sf_c3_continental_test_get_check_sum 0000000180010820 f   c3_continental_test.obj
 0001:0000f8f0       c3_continental_test_method_dispatcher 00000001800108f0 f   c3_continental_test.obj
 0001:00013a50       sf_c3_continental_test_get_autoinheritance_info 0000000180014a50 f   c3_continental_test.obj
 0001:00014110       sf_c3_continental_test_third_party_uses_info 0000000180015110 f   c3_continental_test.obj
 0001:00014140       sf_c3_continental_test_updateBuildInfo_args_info 0000000180015140 f   c3_continental_test.obj
 0001:00014f50       sf_internal_get_sim_state_c3_continental_test 0000000180015f50 f   c3_continental_test.obj
 0001:000150b0       sf_internal_set_sim_state_c3_continental_test 00000001800160b0 f   c3_continental_test.obj
 0001:00015b80       sf_c4_continental_test_get_eml_resolved_functions_info 0000000180016b80 f   c4_continental_test.obj
 0001:00015bf0       sf_c4_continental_test_get_check_sum 0000000180016bf0 f   c4_continental_test.obj
 0001:00015cc0       c4_continental_test_method_dispatcher 0000000180016cc0 f   c4_continental_test.obj
 0001:0001f690       sf_c4_continental_test_get_autoinheritance_info 0000000180020690 f   c4_continental_test.obj
 0001:0001fbf0       sf_c4_continental_test_third_party_uses_info 0000000180020bf0 f   c4_continental_test.obj
 0001:0001fc20       sf_c4_continental_test_updateBuildInfo_args_info 0000000180020c20 f   c4_continental_test.obj
 0001:00020870       sf_internal_get_sim_state_c4_continental_test 0000000180021870 f   c4_continental_test.obj
 0001:000209d0       sf_internal_set_sim_state_c4_continental_test 00000001800219d0 f   c4_continental_test.obj
 0001:000214e0       sf_c5_continental_test_get_eml_resolved_functions_info 00000001800224e0 f   c5_continental_test.obj
 0001:00021560       sf_c5_continental_test_get_check_sum 0000000180022560 f   c5_continental_test.obj
 0001:00021630       c5_continental_test_method_dispatcher 0000000180022630 f   c5_continental_test.obj
 0001:00023aa0       sf_c5_continental_test_get_autoinheritance_info 0000000180024aa0 f   c5_continental_test.obj
 0001:000242b0       sf_c5_continental_test_third_party_uses_info 00000001800252b0 f   c5_continental_test.obj
 0001:000242e0       sf_c5_continental_test_updateBuildInfo_args_info 00000001800252e0 f   c5_continental_test.obj
 0001:00025200       sf_internal_get_sim_state_c5_continental_test 0000000180026200 f   c5_continental_test.obj
 0001:00025360       sf_internal_set_sim_state_c5_continental_test 0000000180026360 f   c5_continental_test.obj
 0001:00025ea0       mexFunction                0000000180026ea0 f   continental_test_sfun_registry.obj
 0001:00027040       _ssSetInputPortDirectFeedThroughFcn 0000000180028040 f   continental_test_sfun_registry.obj
 0001:000271a0       _ssGetInputPortSignalPtrsFcn 00000001800281a0 f   continental_test_sfun_registry.obj
 0001:000273c0       _ssGetInputPortSignalFcn   00000001800283c0 f   continental_test_sfun_registry.obj
 0001:000275e0       _ssSetInputPortReusableFcn 00000001800285e0 f   continental_test_sfun_registry.obj
 0001:000276c0       _ssSetOutputPortReusableFcn 00000001800286c0 f   continental_test_sfun_registry.obj
 0001:000277a0       ssGetIsZeroCrossControlDisabled 00000001800287a0 f   continental_test_sfun_registry.obj
 0001:00027810       ssSetIsInputPortUsedForContZcSignal 0000000180028810 f   continental_test_sfun_registry.obj
 0001:00027880       ssSetZcSignalIsZcElementDisc 0000000180028880 f   continental_test_sfun_registry.obj
 0001:00027930       ssSetZcSignalName          0000000180028930 f   continental_test_sfun_registry.obj
 0001:000279a0       ssSetZcSignalWidth         00000001800289a0 f   continental_test_sfun_registry.obj
 0001:00027a10       ssSetZcSignalZcEventType   0000000180028a10 f   continental_test_sfun_registry.obj
 0001:00027a80       ssSetZcSignalType          0000000180028a80 f   continental_test_sfun_registry.obj
 0001:00027af0       ssSetZcSignalZcTol         0000000180028af0 f   continental_test_sfun_registry.obj
 0001:00027b60       ssSetZcSignalNeedsEventNotification 0000000180028b60 f   continental_test_sfun_registry.obj
 0001:00027bd0       ssCreateAndAddZcSignalInfo 0000000180028bd0 f   continental_test_sfun_registry.obj
 0001:00027c40       ssCloneAndAddZcSignalInfo  0000000180028c40 f   continental_test_sfun_registry.obj
 0001:00027cb0       ssGetNumZcSignals          0000000180028cb0 f   continental_test_sfun_registry.obj
 0001:00027d20       ssGetZcSignalVector        0000000180028d20 f   continental_test_sfun_registry.obj
 0001:00027d90       ssGetZcSignalName          0000000180028d90 f   continental_test_sfun_registry.obj
 0001:00027e00       ssGetZcSignalWidth         0000000180028e00 f   continental_test_sfun_registry.obj
 0001:00027e70       ssGetZcSignalZcEventType   0000000180028e70 f   continental_test_sfun_registry.obj
 0001:00027ee0       ssGetZcSignalZcEvents      0000000180028ee0 f   continental_test_sfun_registry.obj
 0001:00027f50       ssGetZcSignalType          0000000180028f50 f   continental_test_sfun_registry.obj
 0001:00027fc0       ssGetZcSignalZcTol         0000000180028fc0 f   continental_test_sfun_registry.obj
 0001:00028040       ssGetZcSignalNeedsEventNotification 0000000180029040 f   continental_test_sfun_registry.obj
 0001:000280b0       ssGetZcSignalIsZcElementDisc 00000001800290b0 f   continental_test_sfun_registry.obj
 0001:00028150       ssGetIsInputPortElementContinuous 0000000180029150 f   continental_test_sfun_registry.obj
 0001:000281f0       ssGetDTypeIdFromMxArray    00000001800291f0 f   continental_test_sfun_registry.obj
 0001:00028310       ssWriteRTWStr              0000000180029310 f   continental_test_sfun_registry.obj
 0001:00028370       ssWriteRTWNameValuePair    0000000180029370 f   continental_test_sfun_registry.obj
 0001:00028870       ssWriteRTWParamSettings    0000000180029870 f   continental_test_sfun_registry.obj
 0001:00028f60       ssWriteRTWParameters       0000000180029f60 f   continental_test_sfun_registry.obj
 0001:00029530       ssWriteRTWWorkVect         000000018002a530 f   continental_test_sfun_registry.obj
 0001:00029a20       ssWriteRTWMxVectParam      000000018002aa20 f   continental_test_sfun_registry.obj
 0001:00029aa0       ssWriteRTWMx2dMatParam     000000018002aaa0 f   continental_test_sfun_registry.obj
 0001:00029b30       _ssSetInputPortMatrixDimensions 000000018002ab30 f   continental_test_sfun_registry.obj
 0001:00029c30       _ssSetOutputPortMatrixDimensions 000000018002ac30 f   continental_test_sfun_registry.obj
 0001:00029d30       _ssSetInputPortVectorDimension 000000018002ad30 f   continental_test_sfun_registry.obj
 0001:00029de0       _ssSetOutputPortVectorDimension 000000018002ade0 f   continental_test_sfun_registry.obj
 0001:00029e90       ssIsRunTimeParamTunable    000000018002ae90 f   continental_test_sfun_registry.obj
 0001:00029f00       ssGetSFuncBlockHandle      000000018002af00 f   continental_test_sfun_registry.obj
 0001:00029f70       _ssGetCurrentInputPortWidth 000000018002af70 f   continental_test_sfun_registry.obj
 0001:0002a090       _ssGetCurrentOutputPortWidth 000000018002b090 f   continental_test_sfun_registry.obj
 0001:0002a1b0       _ssGetCallSystemNumFcnCallDestinations 000000018002b1b0 f   continental_test_sfun_registry.obj
 0001:0002a220       ssWarning                  000000018002b220 f   continental_test_sfun_registry.obj
 0001:0002a310       _ssGetAbsTol               000000018002b310 f   continental_test_sfun_registry.obj
 0001:0002a380       _ssSetStateAbsTol          000000018002b380 f   continental_test_sfun_registry.obj
 0001:0002a460       sf_process_check_sum_call  000000018002b460 f   continental_test_sfun_registry.obj
 0001:0002a4b0       sf_process_autoinheritance_call 000000018002b4b0 f   continental_test_sfun_registry.obj
 0001:0002a6e0       sf_process_get_third_party_uses_info_call 000000018002b6e0 f   continental_test_sfun_registry.obj
 0001:0002a910       sf_process_get_updateBuildInfo_args_info_call 000000018002b910 f   continental_test_sfun_registry.obj
 0001:0002ab40       sf_process_get_eml_resolved_functions_info_call 000000018002bb40 f   continental_test_sfun_registry.obj
 0001:0002ad40       sf_mex_unlock_call         000000018002bd40 f   continental_test_sfun_registry.obj
 0001:0002afb0       sf_machine_global_initializer_called 000000018002bfb0 f   continental_test_sfun_registry.obj
 0001:0002afe0       sf_machine_global_method_dispatcher 000000018002bfe0 f   continental_test_sfun_registry.obj
 0001:0002b040       sf_machine_global_terminator 000000018002c040 f   continental_test_sfun_registry.obj
 0001:0002b090       sf_register_machine_exported_symbols 000000018002c090 f   continental_test_sfun_registry.obj
 0001:0002b0b0       callCustomFcn              000000018002c0b0 f   continental_test_sfun_registry.obj
 0001:0002b0c0       sf_machine_global_initializer 000000018002c0c0 f   continental_test_sfun_registry.obj
 0001:0002b180       mdlGetSimState             000000018002c180 f   continental_test_sfun_registry.obj
 0001:0002b1c0       mdlSetSimState             000000018002c1c0 f   continental_test_sfun_registry.obj
 0001:0002b960       ProcessMexSfunctionEveryCall 000000018002c960 f   continental_test_sfun_registry.obj
 0001:0002c5d4       sf_load_rtw_optimization_info 000000018002d5d4 f   sf_runtime:sf_runtime.dll
 0001:0002c5da       sf_debug_initialize_machine 000000018002d5da f   sf_runtime:sf_runtime.dll
 0001:0002c5e0       sf_debug_set_machine_event_thresholds 000000018002d5e0 f   sf_runtime:sf_runtime.dll
 0001:0002c5e6       sf_debug_set_machine_data_thresholds 000000018002d5e6 f   sf_runtime:sf_runtime.dll
 0001:0002c5ec       sf_rtw_info_uint_prop      000000018002d5ec f   sf_runtime:sf_runtime.dll
 0001:0002c5f2       sf_update_buildInfo        000000018002d5f2 f   sf_runtime:sf_runtime.dll
 0001:0002c5f8       sf_is_chart_inlinable      000000018002d5f8 f   sf_runtime:sf_runtime.dll
 0001:0002c5fe       sf_mark_chart_reusable_outputs 000000018002d5fe f   sf_runtime:sf_runtime.dll
 0001:0002c604       sf_mark_chart_expressionable_inputs 000000018002d604 f   sf_runtime:sf_runtime.dll
 0001:0002c60a       sim_mode_is_rtw_gen        000000018002d60a f   sf_runtime:sf_runtime.dll
 0001:0002c610       sim_mode_is_external       000000018002d610 f   sf_runtime:sf_runtime.dll
 0001:0002c616       sf_mex_listen_for_ctrl_c   000000018002d616 f   sf_runtime:sf_runtime.dll
 0001:0002c61c       sf_clear_rtw_identifier    000000018002d61c f   sf_runtime:sf_runtime.dll
 0001:0002c622       sf_set_rtw_dwork_info      000000018002d622 f   sf_runtime:sf_runtime.dll
 0001:0002c628       sf_get_time                000000018002d628 f   sf_runtime:sf_runtime.dll
 0001:0002c62e       sf_mex_call_matlab         000000018002d62e f   sf_runtime:sf_runtime.dll
 0001:0002c634       sf_mex_error_message       000000018002d634 f   sf_runtime:sf_runtime.dll
 0001:0002c63a       sf_mex_create              000000018002d63a f   sf_runtime:sf_runtime.dll
 0001:0002c640       sf_mex_createcellmatrix    000000018002d640 f   sf_runtime:sf_runtime.dll
 0001:0002c646       sf_mex_setcell             000000018002d646 f   sf_runtime:sf_runtime.dll
 0001:0002c64c       sf_mex_getcell             000000018002d64c f   sf_runtime:sf_runtime.dll
 0001:0002c652       sf_mex_assign              000000018002d652 f   sf_runtime:sf_runtime.dll
 0001:0002c658       sf_mex_dup                 000000018002d658 f   sf_runtime:sf_runtime.dll
 0001:0002c65e       sf_mex_destroy             000000018002d65e f   sf_runtime:sf_runtime.dll
 0001:0002c664       sf_mex_import              000000018002d664 f   sf_runtime:sf_runtime.dll
 0001:0002c66a       sf_mex_decode_encoded_mx_struct_array 000000018002d66a f   sf_runtime:sf_runtime.dll
 0001:0002c670       sf_debug_initialize_chart  000000018002d670 f   sf_runtime:sf_runtime.dll
 0001:0002c676       sf_debug_call              000000018002d676 f   sf_runtime:sf_runtime.dll
 0001:0002c67c       eml_debug_line_call        000000018002d67c f   sf_runtime:sf_runtime.dll
 0001:0002c682       cv_eml_eval                000000018002d682 f   sf_runtime:sf_runtime.dll
 0001:0002c688       cv_eml_init_script         000000018002d688 f   sf_runtime:sf_runtime.dll
 0001:0002c68e       cv_eml_init_fcn            000000018002d68e f   sf_runtime:sf_runtime.dll
 0001:0002c694       cv_eml_init_for            000000018002d694 f   sf_runtime:sf_runtime.dll
 0001:0002c69a       sf_debug_reset_current_state_configuration 000000018002d69a f   sf_runtime:sf_runtime.dll
 0001:0002c6a0       sf_debug_check_for_state_inconsistency 000000018002d6a0 f   sf_runtime:sf_runtime.dll
 0001:0002c6a6       sf_debug_set_chart_data_props 000000018002d6a6 f   sf_runtime:sf_runtime.dll
 0001:0002c6ac       sf_debug_set_chart_data_compiled_props 000000018002d6ac f   sf_runtime:sf_runtime.dll
 0001:0002c6b2       sf_debug_symbol_scope_push 000000018002d6b2 f   sf_runtime:sf_runtime.dll
 0001:0002c6b8       sf_debug_symbol_scope_push_eml 000000018002d6b8 f   sf_runtime:sf_runtime.dll
 0001:0002c6be       sf_debug_symbol_scope_pop  000000018002d6be f   sf_runtime:sf_runtime.dll
 0001:0002c6c4       sf_debug_symbol_scope_add_eml 000000018002d6c4 f   sf_runtime:sf_runtime.dll
 0001:0002c6ca       sf_debug_symbol_scope_add_eml_importable 000000018002d6ca f   sf_runtime:sf_runtime.dll
 0001:0002c6d0       sf_debug_set_instance_data_value_ptr 000000018002d6d0 f   sf_runtime:sf_runtime.dll
 0001:0002c6d6       sf_debug_set_chart_disable_implicit_casting 000000018002d6d6 f   sf_runtime:sf_runtime.dll
 0001:0002c6dc       sf_debug_set_chart_event_thresholds 000000018002d6dc f   sf_runtime:sf_runtime.dll
 0001:0002c6e2       sf_debug_set_chart_state_info 000000018002d6e2 f   sf_runtime:sf_runtime.dll
 0001:0002c6e8       sf_debug_set_chart_decomposition 000000018002d6e8 f   sf_runtime:sf_runtime.dll
 0001:0002c6ee       sf_debug_set_chart_substate_count 000000018002d6ee f   sf_runtime:sf_runtime.dll
 0001:0002c6f4       sf_debug_for_loop_vector_check 000000018002d6f4 f   sf_runtime:sf_runtime.dll
 0001:0002c6fa       sf_debug_data_range_wrapper 000000018002d6fa f   sf_runtime:sf_runtime.dll
 0001:0002c700       sf_debug_cv_init_trans     000000018002d700 f   sf_runtime:sf_runtime.dll
 0001:0002c706       sf_debug_cv_init_chart     000000018002d706 f   sf_runtime:sf_runtime.dll
 0001:0002c70c       sf_debug_cv_init_state     000000018002d70c f   sf_runtime:sf_runtime.dll
 0001:0002c712       sf_mex_addfield            000000018002d712 f   sf_runtime:sf_runtime.dll
 0001:0002c718       sf_mex_createstruct        000000018002d718 f   sf_runtime:sf_runtime.dll
 0001:0002c71e       sf_mex_duplicatearraysafe  000000018002d71e f   sf_runtime:sf_runtime.dll
 0001:0002c724       sf_mex_emlrtNameCapturePostProcessR2012a 000000018002d724 f   sf_runtime:sf_runtime.dll
 0001:0002c72a       cv_eml_init_if             000000018002d72a f   sf_runtime:sf_runtime.dll
 0001:0002c730       cv_eml_init_mcdc           000000018002d730 f   sf_runtime:sf_runtime.dll
 0001:0002c736       sf_debug_eml_data_array_bounds_error_check 000000018002d736 f   sf_runtime:sf_runtime.dll
 0001:0002c73c       sf_debug_integer_check     000000018002d73c f   sf_runtime:sf_runtime.dll
 0001:0002c742       cv_eml_init_while          000000018002d742 f   sf_runtime:sf_runtime.dll
 0001:0002c748       cv_eml_init_switch         000000018002d748 f   sf_runtime:sf_runtime.dll
 0001:0002c74e       callMdlMethodAndReportError 000000018002d74e f   sf_runtime:sf_runtime.dll
 0001:0002c754       call_sf_machine_global_method_dispatcher 000000018002d754 f   sf_runtime:sf_runtime.dll
 0001:0002c75a       sf_mex_error_direct_call   000000018002d75a f   sf_runtime:sf_runtime.dll
 0001:0002c760       sf_clear_error_manager_info 000000018002d760 f   sf_runtime:sf_runtime.dll
 0001:0002c766       sf_debug_create_debug_instance_struct 000000018002d766 f   sf_runtime:sf_runtime.dll
 0001:0002c76c       sf_debug_terminate         000000018002d76c f   sf_runtime:sf_runtime.dll
 0001:0002c772       sf_debug_api               000000018002d772 f   sf_runtime:sf_runtime.dll
 0001:0002c778       mxIsChar                   000000018002d778 f   libmx:libmx.dll
 0001:0002c77e       mxGetPr                    000000018002d77e f   libmx:libmx.dll
 0001:0002c784       mxGetScalar                000000018002d784 f   libmx:libmx.dll
 0001:0002c78a       mxDestroyArray             000000018002d78a f   libmx:libmx.dll
 0001:0002c790       mxCreateDoubleMatrix_730   000000018002d790 f   libmx:libmx.dll
 0001:0002c796       mxGetString_730            000000018002d796 f   libmx:libmx.dll
 0001:0002c79c       mxDuplicateArray           000000018002d79c f   libmx:libmx.dll
 0001:0002c7a2       mxSetField_730             000000018002d7a2 f   libmx:libmx.dll
 0001:0002c7a8       mxCreateDoubleScalar       000000018002d7a8 f   libmx:libmx.dll
 0001:0002c7ae       mxCreateString             000000018002d7ae f   libmx:libmx.dll
 0001:0002c7b4       mxCreateCellMatrix_730     000000018002d7b4 f   libmx:libmx.dll
 0001:0002c7ba       mxCreateStructMatrix_730   000000018002d7ba f   libmx:libmx.dll
 0001:0002c7c0       mxCalloc                   000000018002d7c0 f   libmx:libmx.dll
 0001:0002c7c6       mxGetM                     000000018002d7c6 f   libmx:libmx.dll
 0001:0002c7cc       mxGetClassID               000000018002d7cc f   libmx:libmx.dll
 0001:0002c7d2       mxIsNumeric                000000018002d7d2 f   libmx:libmx.dll
 0001:0002c7d8       mxIsComplex                000000018002d7d8 f   libmx:libmx.dll
 0001:0002c7de       mxGetN                     000000018002d7de f   libmx:libmx.dll
 0001:0002c7e4       mexMakeArrayPersistent     000000018002d7e4 f   libmex:libmex.dll
 0001:0002c7ea       mexErrMsgTxt               000000018002d7ea f   libmex:libmex.dll
 0001:0002c7f0       mexWarnMsgTxt              000000018002d7f0 f   libmex:libmex.dll
 0001:0002c7f6       mexCallMATLAB              000000018002d7f6 f   libmex:libmex.dll
 0001:0002c7fc       mexLock                    000000018002d7fc f   libmex:libmex.dll
 0001:0002c802       mexUnlock                  000000018002d802 f   libmex:libmex.dll
 0001:0002c808       mexIsLocked                000000018002d808 f   libmex:libmex.dll
 0001:0002c80e       utMalloc                   000000018002d80e f   libut:libut.dll
 0001:0002c814       utFree                     000000018002d814 f   libut:libut.dll
 0001:0002c81a       muDoubleScalarIsNaN        000000018002d81a f   libmwmathutil:libmwmathutil.dll
 0001:0002c820       __raise_securityfailure    000000018002d820 f   MSVCRT:gs_report.obj
 0001:0002c86c       __report_gsfailure         000000018002d86c f   MSVCRT:gs_report.obj
 0001:0002c940       __report_rangecheckfailure 000000018002d940 f   MSVCRT:gs_report.obj
 0001:0002c954       __report_securityfailure   000000018002d954 f   MSVCRT:gs_report.obj
 0001:0002c9f0       __report_securityfailureEx 000000018002d9f0 f   MSVCRT:gs_report.obj
 0001:0002cafe       strcmp                     000000018002dafe f   MSVCRT:MSVCR110.dll
 0001:0002cb04       __GSHandlerCheck           000000018002db04 f   MSVCRT:gshandler.obj
 0001:0002cb24       __GSHandlerCheckCommon     000000018002db24 f   MSVCRT:gshandler.obj
 0001:0002cba0       __security_check_cookie    000000018002dba0 f   MSVCRT:amdsecgs.obj
 0001:0002cbc0       memset                     000000018002dbc0 f   MSVCRT:MSVCR110.dll
 0001:0002cbc6       strlen                     000000018002dbc6 f   MSVCRT:MSVCR110.dll
 0001:0002cbcc       memcpy                     000000018002dbcc f   MSVCRT:MSVCR110.dll
 0001:0002cbd2       strcat                     000000018002dbd2 f   MSVCRT:MSVCR110.dll
 0001:0002cbd8       sprintf                    000000018002dbd8 f   MSVCRT:MSVCR110.dll
 0001:0002cbde       free                       000000018002dbde f   MSVCRT:MSVCR110.dll
 0001:0002cbe4       malloc                     000000018002dbe4 f   MSVCRT:MSVCR110.dll
 0001:0002cc4c       NtCurrentTeb               000000018002dc4c f i MSVCRT:crtdll.obj
 0001:0002cc58       _CRT_INIT                  000000018002dc58 f   MSVCRT:crtdll.obj
 0001:0002cea4       _DllMainCRTStartup         000000018002dea4 f   MSVCRT:crtdll.obj
 0001:0002d01a       __crt_debugger_hook        000000018002e01a f   MSVCRT:MSVCR110.dll
 0001:0002d020       __crtUnhandledException    000000018002e020 f   MSVCRT:MSVCR110.dll
 0001:0002d026       __crtTerminateProcess      000000018002e026 f   MSVCRT:MSVCR110.dll
 0001:0002d02c       __crtCaptureCurrentContext 000000018002e02c f   MSVCRT:MSVCR110.dll
 0001:0002d032       __crtCapturePreviousContext 000000018002e032 f   MSVCRT:MSVCR110.dll
 0001:0002d038       __CppXcptFilter            000000018002e038 f   MSVCRT:MSVCR110.dll
 0001:0002d03e       _amsg_exit                 000000018002e03e f   MSVCRT:MSVCR110.dll
 0001:0002d050       _FindPESection             000000018002e050 f   MSVCRT:pesect.obj
 0001:0002d0a0       _IsNonwritableInCurrentImage 000000018002e0a0 f   MSVCRT:pesect.obj
 0001:0002d0f0       _ValidateImageBase         000000018002e0f0 f   MSVCRT:pesect.obj
 0001:0002d120       __atonexitinit             000000018002e120 f   MSVCRT:atonexit.obj
 0001:0002d170       _onexit                    000000018002e170 f   MSVCRT:atonexit.obj
 0001:0002d220       atexit                     000000018002e220 f   MSVCRT:atonexit.obj
 0001:0002d238       __security_init_cookie     000000018002e238 f   MSVCRT:gs_support.obj
 0001:0002d2f0       DllMain                    000000018002e2f0 f   MSVCRT:dllmain.obj
 0001:0002d314       _malloc_crt                000000018002e314 f   MSVCRT:MSVCR110.dll
 0001:0002d31c       _RTC_Initialize            000000018002e31c f   MSVCRT:initsect.obj
 0001:0002d354       _RTC_Terminate             000000018002e354 f   MSVCRT:initsect.obj
 0001:0002d38c       _initterm                  000000018002e38c f   MSVCRT:MSVCR110.dll
 0001:0002d392       _initterm_e                000000018002e392 f   MSVCRT:MSVCR110.dll
 0001:0002d398       __clean_type_info_names    000000018002e398 f   MSVCRT:tncleanup.obj
 0001:0002d3a4       __C_specific_handler       000000018002e3a4 f   MSVCRT:MSVCR110.dll
 0001:0002d3aa       _lock                      000000018002e3aa f   MSVCRT:MSVCR110.dll
 0001:0002d3b0       _unlock                    000000018002e3b0 f   MSVCRT:MSVCR110.dll
 0001:0002d3b6       _calloc_crt                000000018002e3b6 f   MSVCRT:MSVCR110.dll
 0001:0002d3bc       __dllonexit                000000018002e3bc f   MSVCRT:MSVCR110.dll
 0001:0002d3c2       __clean_type_info_names_internal 000000018002e3c2 f   MSVCRT:MSVCR110.dll
 0001:0002d3c8       IsDebuggerPresent          000000018002e3c8 f   kernel32:KERNEL32.dll
 0001:0002d3ce       IsProcessorFeaturePresent  000000018002e3ce f   kernel32:KERNEL32.dll
 0001:0002d3d4       EncodePointer              000000018002e3d4 f   kernel32:KERNEL32.dll
 0001:0002d3da       DecodePointer              000000018002e3da f   kernel32:KERNEL32.dll
 0001:0002d3e0       QueryPerformanceCounter    000000018002e3e0 f   kernel32:KERNEL32.dll
 0001:0002d3e6       GetCurrentThreadId         000000018002e3e6 f   kernel32:KERNEL32.dll
 0001:0002d3ec       GetSystemTimeAsFileTime    000000018002e3ec f   kernel32:KERNEL32.dll
 0001:0002d3f2       GetTickCount64             000000018002e3f2 f   kernel32:KERNEL32.dll
 0001:0002d3f8       DisableThreadLibraryCalls  000000018002e3f8 f   kernel32:KERNEL32.dll
 0002:00000000       __imp_GetTickCount64       000000018002f000     kernel32:KERNEL32.dll
 0002:00000008       __imp_GetSystemTimeAsFileTime 000000018002f008     kernel32:KERNEL32.dll
 0002:00000010       __imp_GetCurrentThreadId   000000018002f010     kernel32:KERNEL32.dll
 0002:00000018       __imp_QueryPerformanceCounter 000000018002f018     kernel32:KERNEL32.dll
 0002:00000020       __imp_DecodePointer        000000018002f020     kernel32:KERNEL32.dll
 0002:00000028       __imp_EncodePointer        000000018002f028     kernel32:KERNEL32.dll
 0002:00000030       __imp_IsProcessorFeaturePresent 000000018002f030     kernel32:KERNEL32.dll
 0002:00000038       __imp_IsDebuggerPresent    000000018002f038     kernel32:KERNEL32.dll
 0002:00000040       __imp_DisableThreadLibraryCalls 000000018002f040     kernel32:KERNEL32.dll
 0002:00000048       \177KERNEL32_NULL_THUNK_DATA 000000018002f048     kernel32:KERNEL32.dll
 0002:00000050       __imp___clean_type_info_names_internal 000000018002f050     MSVCRT:MSVCR110.dll
 0002:00000058       __imp__onexit              000000018002f058     MSVCRT:MSVCR110.dll
 0002:00000060       __imp___dllonexit          000000018002f060     MSVCRT:MSVCR110.dll
 0002:00000068       __imp__calloc_crt          000000018002f068     MSVCRT:MSVCR110.dll
 0002:00000070       __imp__unlock              000000018002f070     MSVCRT:MSVCR110.dll
 0002:00000078       __imp__lock                000000018002f078     MSVCRT:MSVCR110.dll
 0002:00000080       __imp___C_specific_handler 000000018002f080     MSVCRT:MSVCR110.dll
 0002:00000088       __imp__initterm_e          000000018002f088     MSVCRT:MSVCR110.dll
 0002:00000090       __imp__initterm            000000018002f090     MSVCRT:MSVCR110.dll
 0002:00000098       __imp__malloc_crt          000000018002f098     MSVCRT:MSVCR110.dll
 0002:000000a0       __imp__amsg_exit           000000018002f0a0     MSVCRT:MSVCR110.dll
 0002:000000a8       __imp___CppXcptFilter      000000018002f0a8     MSVCRT:MSVCR110.dll
 0002:000000b0       __imp___crtCapturePreviousContext 000000018002f0b0     MSVCRT:MSVCR110.dll
 0002:000000b8       __imp___crtCaptureCurrentContext 000000018002f0b8     MSVCRT:MSVCR110.dll
 0002:000000c0       __imp___crtTerminateProcess 000000018002f0c0     MSVCRT:MSVCR110.dll
 0002:000000c8       __imp___crtUnhandledException 000000018002f0c8     MSVCRT:MSVCR110.dll
 0002:000000d0       __imp___crt_debugger_hook  000000018002f0d0     MSVCRT:MSVCR110.dll
 0002:000000d8       __imp_malloc               000000018002f0d8     MSVCRT:MSVCR110.dll
 0002:000000e0       __imp_free                 000000018002f0e0     MSVCRT:MSVCR110.dll
 0002:000000e8       __imp_sprintf              000000018002f0e8     MSVCRT:MSVCR110.dll
 0002:000000f0       __imp_strcat               000000018002f0f0     MSVCRT:MSVCR110.dll
 0002:000000f8       __imp_memcpy               000000018002f0f8     MSVCRT:MSVCR110.dll
 0002:00000100       __imp_strlen               000000018002f100     MSVCRT:MSVCR110.dll
 0002:00000108       __imp_memset               000000018002f108     MSVCRT:MSVCR110.dll
 0002:00000110       __imp_strcmp               000000018002f110     MSVCRT:MSVCR110.dll
 0002:00000118       \177MSVCR110_NULL_THUNK_DATA 000000018002f118     MSVCRT:MSVCR110.dll
 0002:00000120       __imp_mexLock              000000018002f120     libmex:libmex.dll
 0002:00000128       __imp_mexErrMsgTxt         000000018002f128     libmex:libmex.dll
 0002:00000130       __imp_mexIsLocked          000000018002f130     libmex:libmex.dll
 0002:00000138       __imp_mexUnlock            000000018002f138     libmex:libmex.dll
 0002:00000140       __imp_mexMakeArrayPersistent 000000018002f140     libmex:libmex.dll
 0002:00000148       __imp_mexCallMATLAB        000000018002f148     libmex:libmex.dll
 0002:00000150       __imp_mexWarnMsgTxt        000000018002f150     libmex:libmex.dll
 0002:00000158       \177libmex_NULL_THUNK_DATA 000000018002f158     libmex:libmex.dll
 0002:00000160       __imp_muDoubleScalarIsNaN  000000018002f160     libmwmathutil:libmwmathutil.dll
 0002:00000168       \177libmwmathutil_NULL_THUNK_DATA 000000018002f168     libmwmathutil:libmwmathutil.dll
 0002:00000170       __imp_mxGetN               000000018002f170     libmx:libmx.dll
 0002:00000178       __imp_mxIsComplex          000000018002f178     libmx:libmx.dll
 0002:00000180       __imp_mxIsNumeric          000000018002f180     libmx:libmx.dll
 0002:00000188       __imp_mxGetClassID         000000018002f188     libmx:libmx.dll
 0002:00000190       __imp_mxGetM               000000018002f190     libmx:libmx.dll
 0002:00000198       __imp_mxCalloc             000000018002f198     libmx:libmx.dll
 0002:000001a0       __imp_mxCreateStructMatrix_730 000000018002f1a0     libmx:libmx.dll
 0002:000001a8       __imp_mxCreateCellMatrix_730 000000018002f1a8     libmx:libmx.dll
 0002:000001b0       __imp_mxCreateString       000000018002f1b0     libmx:libmx.dll
 0002:000001b8       __imp_mxCreateDoubleScalar 000000018002f1b8     libmx:libmx.dll
 0002:000001c0       __imp_mxSetField_730       000000018002f1c0     libmx:libmx.dll
 0002:000001c8       __imp_mxDuplicateArray     000000018002f1c8     libmx:libmx.dll
 0002:000001d0       __imp_mxGetString_730      000000018002f1d0     libmx:libmx.dll
 0002:000001d8       __imp_mxCreateDoubleMatrix_730 000000018002f1d8     libmx:libmx.dll
 0002:000001e0       __imp_mxGetScalar          000000018002f1e0     libmx:libmx.dll
 0002:000001e8       __imp_mxGetPr              000000018002f1e8     libmx:libmx.dll
 0002:000001f0       __imp_mxIsChar             000000018002f1f0     libmx:libmx.dll
 0002:000001f8       __imp_mxDestroyArray       000000018002f1f8     libmx:libmx.dll
 0002:00000200       \177libmx_NULL_THUNK_DATA  000000018002f200     libmx:libmx.dll
 0002:00000208       __imp_utMalloc             000000018002f208     libut:libut.dll
 0002:00000210       __imp_utFree               000000018002f210     libut:libut.dll
 0002:00000218       \177libut_NULL_THUNK_DATA  000000018002f218     libut:libut.dll
 0002:00000220       __imp_sf_debug_terminate   000000018002f220     sf_runtime:sf_runtime.dll
 0002:00000228       __imp_call_sf_machine_global_method_dispatcher 000000018002f228     sf_runtime:sf_runtime.dll
 0002:00000230       __imp_callMdlMethodAndReportError 000000018002f230     sf_runtime:sf_runtime.dll
 0002:00000238       __imp_cv_eml_init_switch   000000018002f238     sf_runtime:sf_runtime.dll
 0002:00000240       __imp_cv_eml_init_while    000000018002f240     sf_runtime:sf_runtime.dll
 0002:00000248       __imp_sim_mode_is_external 000000018002f248     sf_runtime:sf_runtime.dll
 0002:00000250       __imp_sf_debug_integer_check 000000018002f250     sf_runtime:sf_runtime.dll
 0002:00000258       __imp_sf_debug_eml_data_array_bounds_error_check 000000018002f258     sf_runtime:sf_runtime.dll
 0002:00000260       __imp_cv_eml_init_mcdc     000000018002f260     sf_runtime:sf_runtime.dll
 0002:00000268       __imp_cv_eml_init_if       000000018002f268     sf_runtime:sf_runtime.dll
 0002:00000270       __imp_sf_mex_emlrtNameCapturePostProcessR2012a 000000018002f270     sf_runtime:sf_runtime.dll
 0002:00000278       __imp_sf_mex_duplicatearraysafe 000000018002f278     sf_runtime:sf_runtime.dll
 0002:00000280       __imp_sf_mex_createstruct  000000018002f280     sf_runtime:sf_runtime.dll
 0002:00000288       __imp_sf_debug_create_debug_instance_struct 000000018002f288     sf_runtime:sf_runtime.dll
 0002:00000290       __imp_sf_debug_cv_init_state 000000018002f290     sf_runtime:sf_runtime.dll
 0002:00000298       __imp_sf_debug_cv_init_chart 000000018002f298     sf_runtime:sf_runtime.dll
 0002:000002a0       __imp_sf_debug_cv_init_trans 000000018002f2a0     sf_runtime:sf_runtime.dll
 0002:000002a8       __imp_sf_debug_data_range_wrapper 000000018002f2a8     sf_runtime:sf_runtime.dll
 0002:000002b0       __imp_sf_debug_for_loop_vector_check 000000018002f2b0     sf_runtime:sf_runtime.dll
 0002:000002b8       __imp_sf_debug_set_chart_substate_count 000000018002f2b8     sf_runtime:sf_runtime.dll
 0002:000002c0       __imp_sf_debug_set_chart_decomposition 000000018002f2c0     sf_runtime:sf_runtime.dll
 0002:000002c8       __imp_sf_debug_set_chart_state_info 000000018002f2c8     sf_runtime:sf_runtime.dll
 0002:000002d0       __imp_sf_debug_set_chart_event_thresholds 000000018002f2d0     sf_runtime:sf_runtime.dll
 0002:000002d8       __imp_sf_debug_set_chart_disable_implicit_casting 000000018002f2d8     sf_runtime:sf_runtime.dll
 0002:000002e0       __imp_sf_debug_set_instance_data_value_ptr 000000018002f2e0     sf_runtime:sf_runtime.dll
 0002:000002e8       __imp_sf_debug_symbol_scope_add_eml_importable 000000018002f2e8     sf_runtime:sf_runtime.dll
 0002:000002f0       __imp_sf_debug_symbol_scope_add_eml 000000018002f2f0     sf_runtime:sf_runtime.dll
 0002:000002f8       __imp_sf_debug_symbol_scope_pop 000000018002f2f8     sf_runtime:sf_runtime.dll
 0002:00000300       __imp_sf_debug_symbol_scope_push_eml 000000018002f300     sf_runtime:sf_runtime.dll
 0002:00000308       __imp_sf_clear_error_manager_info 000000018002f308     sf_runtime:sf_runtime.dll
 0002:00000310       __imp_sf_mex_addfield      000000018002f310     sf_runtime:sf_runtime.dll
 0002:00000318       __imp_sf_mex_error_direct_call 000000018002f318     sf_runtime:sf_runtime.dll
 0002:00000320       __imp_sf_debug_symbol_scope_push 000000018002f320     sf_runtime:sf_runtime.dll
 0002:00000328       __imp_sf_debug_set_chart_data_compiled_props 000000018002f328     sf_runtime:sf_runtime.dll
 0002:00000330       __imp_sf_debug_set_chart_data_props 000000018002f330     sf_runtime:sf_runtime.dll
 0002:00000338       __imp_sf_debug_check_for_state_inconsistency 000000018002f338     sf_runtime:sf_runtime.dll
 0002:00000340       __imp_sf_debug_reset_current_state_configuration 000000018002f340     sf_runtime:sf_runtime.dll
 0002:00000348       __imp_cv_eml_init_for      000000018002f348     sf_runtime:sf_runtime.dll
 0002:00000350       __imp_cv_eml_init_fcn      000000018002f350     sf_runtime:sf_runtime.dll
 0002:00000358       __imp_cv_eml_init_script   000000018002f358     sf_runtime:sf_runtime.dll
 0002:00000360       __imp_cv_eml_eval          000000018002f360     sf_runtime:sf_runtime.dll
 0002:00000368       __imp_eml_debug_line_call  000000018002f368     sf_runtime:sf_runtime.dll
 0002:00000370       __imp_sf_debug_call        000000018002f370     sf_runtime:sf_runtime.dll
 0002:00000378       __imp_sf_debug_initialize_chart 000000018002f378     sf_runtime:sf_runtime.dll
 0002:00000380       __imp_sf_mex_decode_encoded_mx_struct_array 000000018002f380     sf_runtime:sf_runtime.dll
 0002:00000388       __imp_sf_mex_import        000000018002f388     sf_runtime:sf_runtime.dll
 0002:00000390       __imp_sf_mex_destroy       000000018002f390     sf_runtime:sf_runtime.dll
 0002:00000398       __imp_sf_mex_dup           000000018002f398     sf_runtime:sf_runtime.dll
 0002:000003a0       __imp_sf_mex_assign        000000018002f3a0     sf_runtime:sf_runtime.dll
 0002:000003a8       __imp_sf_mex_getcell       000000018002f3a8     sf_runtime:sf_runtime.dll
 0002:000003b0       __imp_sf_mex_setcell       000000018002f3b0     sf_runtime:sf_runtime.dll
 0002:000003b8       __imp_sf_mex_createcellmatrix 000000018002f3b8     sf_runtime:sf_runtime.dll
 0002:000003c0       __imp_sf_mex_create        000000018002f3c0     sf_runtime:sf_runtime.dll
 0002:000003c8       __imp_sf_mex_error_message 000000018002f3c8     sf_runtime:sf_runtime.dll
 0002:000003d0       __imp_sf_mex_call_matlab   000000018002f3d0     sf_runtime:sf_runtime.dll
 0002:000003d8       __imp_sf_get_time          000000018002f3d8     sf_runtime:sf_runtime.dll
 0002:000003e0       __imp_sf_set_rtw_dwork_info 000000018002f3e0     sf_runtime:sf_runtime.dll
 0002:000003e8       __imp_sf_clear_rtw_identifier 000000018002f3e8     sf_runtime:sf_runtime.dll
 0002:000003f0       __imp_sf_mex_listen_for_ctrl_c 000000018002f3f0     sf_runtime:sf_runtime.dll
 0002:000003f8       __imp_sim_mode_is_rtw_gen  000000018002f3f8     sf_runtime:sf_runtime.dll
 0002:00000400       __imp_sf_mark_chart_expressionable_inputs 000000018002f400     sf_runtime:sf_runtime.dll
 0002:00000408       __imp_sf_mark_chart_reusable_outputs 000000018002f408     sf_runtime:sf_runtime.dll
 0002:00000410       __imp_sf_is_chart_inlinable 000000018002f410     sf_runtime:sf_runtime.dll
 0002:00000418       __imp_sf_update_buildInfo  000000018002f418     sf_runtime:sf_runtime.dll
 0002:00000420       __imp_sf_rtw_info_uint_prop 000000018002f420     sf_runtime:sf_runtime.dll
 0002:00000428       __imp_sf_debug_set_machine_data_thresholds 000000018002f428     sf_runtime:sf_runtime.dll
 0002:00000430       __imp_sf_debug_set_machine_event_thresholds 000000018002f430     sf_runtime:sf_runtime.dll
 0002:00000438       __imp_sf_debug_initialize_machine 000000018002f438     sf_runtime:sf_runtime.dll
 0002:00000440       __imp_sf_debug_api         000000018002f440     sf_runtime:sf_runtime.dll
 0002:00000448       __imp_sf_load_rtw_optimization_info 000000018002f448     sf_runtime:sf_runtime.dll
 0002:00000450       \177sf_runtime_NULL_THUNK_DATA 000000018002f450     sf_runtime:sf_runtime.dll
 0002:00000458       __xc_a                     000000018002f458     MSVCRT:cinitexe.obj
 0002:00000460       __xc_z                     000000018002f460     MSVCRT:cinitexe.obj
 0002:00000468       __xi_a                     000000018002f468     MSVCRT:cinitexe.obj
 0002:00000480       __xi_z                     000000018002f480     MSVCRT:cinitexe.obj
 0002:00000490       __real@419d049f5c000000    000000018002f490     continental_test_sfun.obj
 0002:00000498       __real@41c900e78a000000    000000018002f498     continental_test_sfun.obj
 0002:000004a0       __real@41d6c398ff400000    000000018002f4a0     continental_test_sfun.obj
 0002:000004a8       __real@41da76f689c00000    000000018002f4a8     continental_test_sfun.obj
 0002:000004b0       __real@41e083b39a000000    000000018002f4b0     continental_test_sfun.obj
 0002:000004b8       __real@41e2431f3d800000    000000018002f4b8     continental_test_sfun.obj
 0002:000004c0       __real@41e64b98f4600000    000000018002f4c0     continental_test_sfun.obj
 0002:000004c8       __real@41e695dff8600000    000000018002f4c8     continental_test_sfun.obj
 0002:000004d0       __real@41e6f1cbdd000000    000000018002f4d0     continental_test_sfun.obj
 0002:000004d8       __real@41e83813f2a00000    000000018002f4d8     continental_test_sfun.obj
 0002:000004e0       __real@41ed0ff505000000    000000018002f4e0     continental_test_sfun.obj
 0002:000004e8       __real@41ed9aab1ba00000    000000018002f4e8     continental_test_sfun.obj
 0002:000004f0       __real@41eda5398c800000    000000018002f4f0     continental_test_sfun.obj
 0002:000004f8       __real@41edcf5b43c00000    000000018002f4f8     continental_test_sfun.obj
 0002:00000500       __real@41ee9fdec9600000    000000018002f500     continental_test_sfun.obj
 0002:00000508       __real@41effd8888e00000    000000018002f508     continental_test_sfun.obj
 0002:00000510       __real@3ff0000000000000    000000018002f510     c1_continental_test.obj
 0002:00000518       __real@4000000000000000    000000018002f518     c1_continental_test.obj
 0002:00000520       __real@4008000000000000    000000018002f520     c1_continental_test.obj
 0002:00000528       __real@4010000000000000    000000018002f528     c1_continental_test.obj
 0002:00000530       __real@4020000000000000    000000018002f530     c1_continental_test.obj
 0002:00000538       __real@4024000000000000    000000018002f538     c1_continental_test.obj
 0002:00000540       __real@4146b17080000000    000000018002f540     c1_continental_test.obj
 0002:00000548       __real@41dd59b15b400000    000000018002f548     c1_continental_test.obj
 0002:00000550       __real@41e462b702200000    000000018002f550     c1_continental_test.obj
 0002:00000558       __real@41e950cb66000000    000000018002f558     c1_continental_test.obj
 0002:00000560       __real@0000000000000000    000000018002f560     c2_continental_test.obj
 0002:00000568       __real@4049000000000000    000000018002f568     c2_continental_test.obj
 0002:00000570       __real@41c009f562800000    000000018002f570     c2_continental_test.obj
 0002:00000578       __real@41c1992142000000    000000018002f578     c2_continental_test.obj
 0002:00000580       __real@41e9cf25bfa00000    000000018002f580     c2_continental_test.obj
 0002:00000588       __real@41ec0074a4e00000    000000018002f588     c2_continental_test.obj
 0002:00000590       __xmm@80000000000000008000000000000000 000000018002f590     c2_continental_test.obj
 0002:000005a0       __real@41c89fc68b000000    000000018002f5a0     c3_continental_test.obj
 0002:000005a8       __real@41e5813db2200000    000000018002f5a8     c3_continental_test.obj
 0002:000005b0       __real@41ecf89839000000    000000018002f5b0     c3_continental_test.obj
 0002:000005b8       __real@41eee3dc55e00000    000000018002f5b8     c3_continental_test.obj
 0002:000005c0       __real@c000000000000000    000000018002f5c0     c3_continental_test.obj
 0002:000005c8       __real@c056800000000000    000000018002f5c8     c3_continental_test.obj
 0002:000005d0       __real@41b38a8379000000    000000018002f5d0     c4_continental_test.obj
 0002:000005d8       __real@41e37c2164600000    000000018002f5d8     c4_continental_test.obj
 0002:000005e0       __real@41e51528c2a00000    000000018002f5e0     c4_continental_test.obj
 0002:000005e8       __real@41ecc7dc8f000000    000000018002f5e8     c4_continental_test.obj
 0002:000005f0       __real@c058c00000000000    000000018002f5f0     c4_continental_test.obj
 0002:000005f8       __real@41c9566fcf800000    000000018002f5f8     c5_continental_test.obj
 0002:00000600       __real@41d2585ea9c00000    000000018002f600     c5_continental_test.obj
 0002:00000608       __real@41e138f727e00000    000000018002f608     c5_continental_test.obj
 0002:00000610       __real@41e6b264d2400000    000000018002f610     c5_continental_test.obj
 0002:00000620       DYNAMIC_DIMENSION_DEF      000000018002f620     continental_test_sfun_registry.obj
 0002:00000640       _ssBadLevel2InputAccessMsg 000000018002f640     continental_test_sfun_registry.obj
 0002:000007d0       _ssBadLevel2DirectFeedMsg  000000018002f7d0     continental_test_sfun_registry.obj
 0002:00000910       _ssBadLevel2DirectFeedSolutionMsg 000000018002f910     continental_test_sfun_registry.obj
 0002:00000980       _ssBadLevel2ZeroDirectFeedMsg 000000018002f980     continental_test_sfun_registry.obj
 0002:00000ac0       _ssBadLevel2ZeroDirectFeedMsg2 000000018002fac0     continental_test_sfun_registry.obj
 0002:00000ba8       __real@41602cbca0000000    000000018002fba8     continental_test_sfun_registry.obj
 0002:00000bb0       __real@bff0000000000000    000000018002fbb0     continental_test_sfun_registry.obj
 0002:00000bc8       _pDefaultRawDllMain        000000018002fbc8     MSVCRT:crtdll.obj
 0002:00000bc8       _pRawDllMain               000000018002fbc8     MSVCRT:crtdll.obj
 0002:00000bd0       ?ProcessDetach@NativeDll@<CrtImplementationDetails>@@0IB 000000018002fbd0     MSVCRT:initsect.obj
 0002:00000bd4       ?ProcessAttach@NativeDll@<CrtImplementationDetails>@@0IB 000000018002fbd4     MSVCRT:initsect.obj
 0002:00000bd8       ?ThreadAttach@NativeDll@<CrtImplementationDetails>@@0IB 000000018002fbd8     MSVCRT:initsect.obj
 0002:00000bdc       ?ThreadDetach@NativeDll@<CrtImplementationDetails>@@0IB 000000018002fbdc     MSVCRT:initsect.obj
 0002:00000be0       ?ProcessVerifier@NativeDll@<CrtImplementationDetails>@@0IB 000000018002fbe0     MSVCRT:initsect.obj
 0002:00000be4       ?value@?$integral_constant@_N$0A@@std@@2_NB 000000018002fbe4     MSVCRT:tncleanup.obj
 0002:00000be5       ?value@?$integral_constant@_N$00@std@@2_NB 000000018002fbe5     MSVCRT:tncleanup.obj
 0002:00000be8       ?value@?$_Sizeof@U_Nil@std@@U12@U12@U12@U12@U12@U12@U12@@std@@2_KB 000000018002fbe8     MSVCRT:tncleanup.obj
 0002:00000bf0       _load_config_used          000000018002fbf0     MSVCRT:loadcfg.obj
 0002:00000c60       __rtc_iaa                  000000018002fc60     MSVCRT:initsect.obj
 0002:00000c68       __rtc_izz                  000000018002fc68     MSVCRT:initsect.obj
 0002:00000c70       __rtc_taa                  000000018002fc70     MSVCRT:initsect.obj
 0002:00000c78       __rtc_tzz                  000000018002fc78     MSVCRT:initsect.obj
 0002:00001964       __IMPORT_DESCRIPTOR_sf_runtime 0000000180030964     sf_runtime:sf_runtime.dll
 0002:00001978       __IMPORT_DESCRIPTOR_libmx  0000000180030978     libmx:libmx.dll
 0002:0000198c       __IMPORT_DESCRIPTOR_libmex 000000018003098c     libmex:libmex.dll
 0002:000019a0       __IMPORT_DESCRIPTOR_libut  00000001800309a0     libut:libut.dll
 0002:000019b4       __IMPORT_DESCRIPTOR_libmwmathutil 00000001800309b4     libmwmathutil:libmwmathutil.dll
 0002:000019c8       __IMPORT_DESCRIPTOR_MSVCR110 00000001800309c8     MSVCRT:MSVCR110.dll
 0002:000019dc       __IMPORT_DESCRIPTOR_KERNEL32 00000001800309dc     kernel32:KERNEL32.dll
 0002:000019f0       __NULL_IMPORT_DESCRIPTOR   00000001800309f0     sf_runtime:sf_runtime.dll
 0003:00008838       DYNAMIC_DIMENSION          000000018003a838     continental_test_sfun_registry.obj
 0003:000094c0       __security_cookie          000000018003b4c0     MSVCRT:gs_cookie.obj
 0003:000094c8       __security_cookie_complement 000000018003b4c8     MSVCRT:gs_cookie.obj
 0003:000094d0       _fltused                   000000018003b4d0     MSVCRT:dllsupp.obj
 0003:000094d4       __native_dllmain_reason    000000018003b4d4     MSVCRT:natstart.obj
 0003:00009548       sfGlobalDebugInstanceStruct 000000018003b548     continental_test_sfun_registry.obj
 0003:00009b98       ?__type_info_root_node@@3U__type_info_node@@A 000000018003bb98     MSVCRT:tncleanup.obj
 0003:00009ba8       _continental_testMachineNumber_ 000000018003bba8     <common>
 0003:00009bb0       __native_startup_lock      000000018003bbb0     <common>
 0003:00009bb8       __native_startup_state     000000018003bbb8     <common>
 0003:00009bc0       __onexitend                000000018003bbc0     <common>
 0003:00009bc8       __onexitbegin              000000018003bbc8     <common>
 0003:00009bd0       __dyn_tls_init_callback    000000018003bbd0     <common>

 entry point at        0001:0002cea4

 Static symbols

 0000:00000000       .debug$S                   0000000180000000     kernel32:KERNEL32.dll
 0000:00000000       .debug$S                   0000000180000000     kernel32:KERNEL32.dll
 0000:00000000       .debug$S                   0000000180000000     kernel32:KERNEL32.dll
 0000:00000000       .debug$S                   0000000180000000     kernel32:KERNEL32.dll
 0000:00000000       .debug$S                   0000000180000000     kernel32:KERNEL32.dll
 0000:00000000       .debug$S                   0000000180000000     kernel32:KERNEL32.dll
 0000:00000000       .debug$S                   0000000180000000     kernel32:KERNEL32.dll
 0000:00000000       .debug$S                   0000000180000000     kernel32:KERNEL32.dll
 0000:00000000       .debug$S                   0000000180000000     kernel32:KERNEL32.dll
 0000:00000000       .debug$S                   0000000180000000     sf_runtime:sf_runtime.dll
 0000:00000000       .debug$S                   0000000180000000     MSVCRT:MSVCR110.dll
 0000:00000000       .debug$S                   0000000180000000     MSVCRT:MSVCR110.dll
 0000:00000000       .debug$S                   0000000180000000     MSVCRT:MSVCR110.dll
 0000:00000000       .debug$S                   0000000180000000     MSVCRT:MSVCR110.dll
 0000:00000000       .debug$S                   0000000180000000     MSVCRT:MSVCR110.dll
 0000:00000000       .debug$S                   0000000180000000     MSVCRT:MSVCR110.dll
 0000:00000000       .debug$S                   0000000180000000     MSVCRT:MSVCR110.dll
 0000:00000000       .debug$S                   0000000180000000     MSVCRT:MSVCR110.dll
 0000:00000000       .debug$S                   0000000180000000     MSVCRT:MSVCR110.dll
 0000:00000000       .debug$S                   0000000180000000     MSVCRT:MSVCR110.dll
 0000:00000000       .debug$S                   0000000180000000     MSVCRT:MSVCR110.dll
 0000:00000000       .debug$S                   0000000180000000     MSVCRT:MSVCR110.dll
 0000:00000000       .debug$S                   0000000180000000     MSVCRT:MSVCR110.dll
 0000:00000000       .debug$S                   0000000180000000     MSVCRT:MSVCR110.dll
 0000:00000000       .debug$S                   0000000180000000     MSVCRT:MSVCR110.dll
 0000:00000000       .debug$S                   0000000180000000     MSVCRT:MSVCR110.dll
 0000:00000000       .debug$S                   0000000180000000     MSVCRT:MSVCR110.dll
 0000:00000000       .debug$S                   0000000180000000     MSVCRT:MSVCR110.dll
 0000:00000000       .debug$S                   0000000180000000     MSVCRT:MSVCR110.dll
 0000:00000000       .debug$S                   0000000180000000     MSVCRT:MSVCR110.dll
 0000:00000000       .debug$S                   0000000180000000     MSVCRT:MSVCR110.dll
 0000:00000000       .debug$S                   0000000180000000     MSVCRT:MSVCR110.dll
 0000:00000000       .debug$S                   0000000180000000     MSVCRT:MSVCR110.dll
 0000:00000000       .debug$S                   0000000180000000     MSVCRT:MSVCR110.dll
 0000:00000000       .debug$S                   0000000180000000     MSVCRT:MSVCR110.dll
 0000:00000000       .debug$S                   0000000180000000     sf_runtime:sf_runtime.dll
 0000:00000000       .debug$S                   0000000180000000     sf_runtime:sf_runtime.dll
 0000:00000000       .debug$S                   0000000180000000     sf_runtime:sf_runtime.dll
 0000:00000000       .debug$S                   0000000180000000     sf_runtime:sf_runtime.dll
 0000:00000000       .debug$S                   0000000180000000     sf_runtime:sf_runtime.dll
 0000:00000000       .debug$S                   0000000180000000     sf_runtime:sf_runtime.dll
 0000:00000000       .debug$S                   0000000180000000     sf_runtime:sf_runtime.dll
 0000:00000000       .debug$S                   0000000180000000     sf_runtime:sf_runtime.dll
 0000:00000000       .debug$S                   0000000180000000     sf_runtime:sf_runtime.dll
 0000:00000000       .debug$S                   0000000180000000     sf_runtime:sf_runtime.dll
 0000:00000000       .debug$S                   0000000180000000     libmx:libmx.dll
 0000:00000000       .debug$S                   0000000180000000     sf_runtime:sf_runtime.dll
 0000:00000000       .debug$S                   0000000180000000     libmx:libmx.dll
 0000:00000000       .debug$S                   0000000180000000     sf_runtime:sf_runtime.dll
 0000:00000000       .debug$S                   0000000180000000     libmx:libmx.dll
 0000:00000000       .debug$S                   0000000180000000     sf_runtime:sf_runtime.dll
 0000:00000000       .debug$S                   0000000180000000     libmx:libmx.dll
 0000:00000000       .debug$S                   0000000180000000     sf_runtime:sf_runtime.dll
 0000:00000000       .debug$S                   0000000180000000     libmx:libmx.dll
 0000:00000000       .debug$S                   0000000180000000     sf_runtime:sf_runtime.dll
 0000:00000000       .debug$S                   0000000180000000     libmx:libmx.dll
 0000:00000000       .debug$S                   0000000180000000     sf_runtime:sf_runtime.dll
 0000:00000000       .debug$S                   0000000180000000     libmx:libmx.dll
 0000:00000000       .debug$S                   0000000180000000     sf_runtime:sf_runtime.dll
 0000:00000000       .debug$S                   0000000180000000     sf_runtime:sf_runtime.dll
 0000:00000000       .debug$S                   0000000180000000     sf_runtime:sf_runtime.dll
 0000:00000000       .debug$S                   0000000180000000     sf_runtime:sf_runtime.dll
 0000:00000000       .debug$S                   0000000180000000     sf_runtime:sf_runtime.dll
 0000:00000000       .debug$S                   0000000180000000     sf_runtime:sf_runtime.dll
 0000:00000000       .debug$S                   0000000180000000     sf_runtime:sf_runtime.dll
 0000:00000000       .debug$S                   0000000180000000     sf_runtime:sf_runtime.dll
 0000:00000000       .debug$S                   0000000180000000     sf_runtime:sf_runtime.dll
 0000:00000000       .debug$S                   0000000180000000     sf_runtime:sf_runtime.dll
 0000:00000000       .debug$S                   0000000180000000     sf_runtime:sf_runtime.dll
 0000:00000000       .debug$S                   0000000180000000     sf_runtime:sf_runtime.dll
 0000:00000000       .debug$S                   0000000180000000     sf_runtime:sf_runtime.dll
 0000:00000000       .debug$S                   0000000180000000     libmwmathutil:libmwmathutil.dll
 0000:00000000       .debug$S                   0000000180000000     sf_runtime:sf_runtime.dll
 0000:00000000       .debug$S                   0000000180000000     libut:libut.dll
 0000:00000000       .debug$S                   0000000180000000     libut:libut.dll
 0000:00000000       .debug$S                   0000000180000000     sf_runtime:sf_runtime.dll
 0000:00000000       .debug$S                   0000000180000000     libmex:libmex.dll
 0000:00000000       .debug$S                   0000000180000000     libmex:libmex.dll
 0000:00000000       .debug$S                   0000000180000000     libmex:libmex.dll
 0000:00000000       .debug$S                   0000000180000000     libmex:libmex.dll
 0000:00000000       .debug$S                   0000000180000000     libmex:libmex.dll
 0000:00000000       .debug$S                   0000000180000000     libmex:libmex.dll
 0000:00000000       .debug$S                   0000000180000000     libmex:libmex.dll
 0000:00000000       .debug$S                   0000000180000000     sf_runtime:sf_runtime.dll
 0000:00000000       .debug$S                   0000000180000000     libmx:libmx.dll
 0000:00000000       .debug$S                   0000000180000000     libmx:libmx.dll
 0000:00000000       .debug$S                   0000000180000000     libmx:libmx.dll
 0000:00000000       .debug$S                   0000000180000000     libmx:libmx.dll
 0000:00000000       .debug$S                   0000000180000000     libmx:libmx.dll
 0000:00000000       .debug$S                   0000000180000000     libmx:libmx.dll
 0000:00000000       .debug$S                   0000000180000000     libmx:libmx.dll
 0000:00000000       .debug$S                   0000000180000000     libmx:libmx.dll
 0000:00000000       .debug$S                   0000000180000000     libmx:libmx.dll
 0000:00000000       .debug$S                   0000000180000000     libmx:libmx.dll
 0000:00000000       .debug$S                   0000000180000000     libmx:libmx.dll
 0000:00000000       .debug$S                   0000000180000000     sf_runtime:sf_runtime.dll
 0000:00000000       .debug$S                   0000000180000000     sf_runtime:sf_runtime.dll
 0000:00000000       .debug$S                   0000000180000000     sf_runtime:sf_runtime.dll
 0000:00000000       .debug$S                   0000000180000000     sf_runtime:sf_runtime.dll
 0000:00000000       .debug$S                   0000000180000000     sf_runtime:sf_runtime.dll
 0000:00000000       .debug$S                   0000000180000000     sf_runtime:sf_runtime.dll
 0000:00000000       .debug$S                   0000000180000000     sf_runtime:sf_runtime.dll
 0000:00000000       .debug$S                   0000000180000000     sf_runtime:sf_runtime.dll
 0000:00000000       .debug$S                   0000000180000000     sf_runtime:sf_runtime.dll
 0000:00000000       .debug$S                   0000000180000000     sf_runtime:sf_runtime.dll
 0000:00000000       .debug$S                   0000000180000000     sf_runtime:sf_runtime.dll
 0000:00000000       .debug$S                   0000000180000000     sf_runtime:sf_runtime.dll
 0000:00000000       .debug$S                   0000000180000000     sf_runtime:sf_runtime.dll
 0000:00000000       .debug$S                   0000000180000000     sf_runtime:sf_runtime.dll
 0000:00000000       .debug$S                   0000000180000000     sf_runtime:sf_runtime.dll
 0000:00000000       .debug$S                   0000000180000000     sf_runtime:sf_runtime.dll
 0000:00000000       .debug$S                   0000000180000000     sf_runtime:sf_runtime.dll
 0000:00000000       .debug$S                   0000000180000000     sf_runtime:sf_runtime.dll
 0000:00000000       .debug$S                   0000000180000000     sf_runtime:sf_runtime.dll
 0000:00000000       .debug$S                   0000000180000000     sf_runtime:sf_runtime.dll
 0000:00000000       .debug$S                   0000000180000000     sf_runtime:sf_runtime.dll
 0000:00000000       .debug$S                   0000000180000000     sf_runtime:sf_runtime.dll
 0000:00000000       .debug$S                   0000000180000000     sf_runtime:sf_runtime.dll
 0000:00000000       .debug$S                   0000000180000000     sf_runtime:sf_runtime.dll
 0000:00000000       .debug$S                   0000000180000000     sf_runtime:sf_runtime.dll
 0000:00000000       .debug$S                   0000000180000000     sf_runtime:sf_runtime.dll
 0000:00000000       .debug$S                   0000000180000000     sf_runtime:sf_runtime.dll
 0000:00000000       .debug$S                   0000000180000000     sf_runtime:sf_runtime.dll
 0000:00000000       .debug$S                   0000000180000000     sf_runtime:sf_runtime.dll
 0000:00000000       .debug$S                   0000000180000000     sf_runtime:sf_runtime.dll
 0000:00000000       .debug$S                   0000000180000000     sf_runtime:sf_runtime.dll
 0000:00000000       .debug$S                   0000000180000000     sf_runtime:sf_runtime.dll
 0000:00000000       .debug$S                   0000000180000000     sf_runtime:sf_runtime.dll
 0000:00000000       .debug$S                   0000000180000000     sf_runtime:sf_runtime.dll
 0000:00000000       .debug$S                   0000000180000000     sf_runtime:sf_runtime.dll
 0000:00000000       .debug$S                   0000000180000000     sf_runtime:sf_runtime.dll
 0000:00000000       .debug$S                   0000000180000000     sf_runtime:sf_runtime.dll
 0001:00001620       initialize_c1_continental_test 0000000180002620 f   c1_continental_test.obj
 0001:00001670       initialize_params_c1_continental_test 0000000180002670 f   c1_continental_test.obj
 0001:00001680       enable_c1_continental_test 0000000180002680 f   c1_continental_test.obj
 0001:000016b0       disable_c1_continental_test 00000001800026b0 f   c1_continental_test.obj
 0001:000016e0       c1_update_debugger_state_c1_continental_test 00000001800026e0 f   c1_continental_test.obj
 0001:000016f0       get_sim_state_c1_continental_test 00000001800026f0 f   c1_continental_test.obj
 0001:000018f0       set_sim_state_c1_continental_test 00000001800028f0 f   c1_continental_test.obj
 0001:00001a40       finalize_c1_continental_test 0000000180002a40 f   c1_continental_test.obj
 0001:00001a50       sf_gateway_c1_continental_test 0000000180002a50 f   c1_continental_test.obj
 0001:00002830       initSimStructsc1_continental_test 0000000180003830 f   c1_continental_test.obj
 0001:00002840       init_script_number_translation 0000000180003840 f   c1_continental_test.obj
 0001:00002860       c1_sf_marshallOut          0000000180003860 f   c1_continental_test.obj
 0001:00002a40       c1_emlrt_marshallIn        0000000180003a40 f   c1_continental_test.obj
 0001:00002ab0       c1_b_emlrt_marshallIn      0000000180003ab0 f   c1_continental_test.obj
 0001:00002bb0       c1_sf_marshallIn           0000000180003bb0 f   c1_continental_test.obj
 0001:00002cf0       c1_b_sf_marshallOut        0000000180003cf0 f   c1_continental_test.obj
 0001:00002e30       c1_c_sf_marshallOut        0000000180003e30 f   c1_continental_test.obj
 0001:00002ee0       c1_c_emlrt_marshallIn      0000000180003ee0 f   c1_continental_test.obj
 0001:00002f70       c1_b_sf_marshallIn         0000000180003f70 f   c1_continental_test.obj
 0001:00003010       c1_e_emlrt_marshallIn      0000000180004010 f   c1_continental_test.obj
 0001:00003070       c1_f_emlrt_marshallIn      0000000180004070 f   c1_continental_test.obj
 0001:00003100       init_dsm_address_info      0000000180004100 f   c1_continental_test.obj
 0001:00003980       sf_get_sim_state_info_c1_continental_test 0000000180004980 f   c1_continental_test.obj
 0001:00003a50       chart_debug_initialization 0000000180004a50 f   c1_continental_test.obj
 0001:000046c0       sf_get_instance_specialization 00000001800056c0 f   c1_continental_test.obj
 0001:000046d0       sf_opaque_initialize_c1_continental_test 00000001800056d0 f   c1_continental_test.obj
 0001:00004710       sf_opaque_enable_c1_continental_test 0000000180005710 f   c1_continental_test.obj
 0001:00004730       sf_opaque_disable_c1_continental_test 0000000180005730 f   c1_continental_test.obj
 0001:00004750       sf_opaque_gateway_c1_continental_test 0000000180005750 f   c1_continental_test.obj
 0001:00004a30       sf_opaque_get_sim_state_c1_continental_test 0000000180005a30 f   c1_continental_test.obj
 0001:00004a50       sf_opaque_set_sim_state_c1_continental_test 0000000180005a50 f   c1_continental_test.obj
 0001:00004a80       sf_opaque_terminate_c1_continental_test 0000000180005a80 f   c1_continental_test.obj
 0001:00004b20       sf_opaque_init_subchart_simstructs 0000000180005b20 f   c1_continental_test.obj
 0001:00004b40       mdlProcessParameters_c1_continental_test 0000000180005b40 f   c1_continental_test.obj
 0001:00004c20       mdlSetWorkWidths_c1_continental_test 0000000180005c20 f   c1_continental_test.obj
 0001:000051e0       mdlRTW_c1_continental_test 00000001800061e0 f   c1_continental_test.obj
 0001:00005220       mdlStart_c1_continental_test 0000000180006220 f   c1_continental_test.obj
 0001:00005600       initialize_c2_continental_test 0000000180006600 f   c2_continental_test.obj
 0001:00005650       initialize_params_c2_continental_test 0000000180006650 f   c2_continental_test.obj
 0001:00005660       enable_c2_continental_test 0000000180006660 f   c2_continental_test.obj
 0001:00005690       disable_c2_continental_test 0000000180006690 f   c2_continental_test.obj
 0001:000056c0       c2_update_debugger_state_c2_continental_test 00000001800066c0 f   c2_continental_test.obj
 0001:000056d0       get_sim_state_c2_continental_test 00000001800066d0 f   c2_continental_test.obj
 0001:000058d0       set_sim_state_c2_continental_test 00000001800068d0 f   c2_continental_test.obj
 0001:00005a20       finalize_c2_continental_test 0000000180006a20 f   c2_continental_test.obj
 0001:00005a30       sf_gateway_c2_continental_test 0000000180006a30 f   c2_continental_test.obj
 0001:00005d40       c2_chartstep_c2_continental_test 0000000180006d40 f   c2_continental_test.obj
 0001:000097c0       initSimStructsc2_continental_test 000000018000a7c0 f   c2_continental_test.obj
 0001:000097d0       init_script_number_translation 000000018000a7d0 f   c2_continental_test.obj
 0001:000097f0       c2_sf_marshallOut          000000018000a7f0 f   c2_continental_test.obj
 0001:000099d0       c2_emlrt_marshallIn        000000018000a9d0 f   c2_continental_test.obj
 0001:00009a40       c2_b_emlrt_marshallIn      000000018000aa40 f   c2_continental_test.obj
 0001:00009b40       c2_sf_marshallIn           000000018000ab40 f   c2_continental_test.obj
 0001:00009c80       c2_b_sf_marshallOut        000000018000ac80 f   c2_continental_test.obj
 0001:00009d30       c2_c_emlrt_marshallIn      000000018000ad30 f   c2_continental_test.obj
 0001:00009dc0       c2_b_sf_marshallIn         000000018000adc0 f   c2_continental_test.obj
 0001:00009e60       c2_info_helper             000000018000ae60 f   c2_continental_test.obj
 0001:0000cf10       c2_emlrt_marshallOut       000000018000df10 f   c2_continental_test.obj
 0001:0000cfa0       c2_b_emlrt_marshallOut     000000018000dfa0 f   c2_continental_test.obj
 0001:0000d010       c2_mpower                  000000018000e010 f   c2_continental_test.obj
 0001:0000d080       c2_eml_scalar_eg           000000018000e080 f   c2_continental_test.obj
 0001:0000d090       c2_e_emlrt_marshallIn      000000018000e090 f   c2_continental_test.obj
 0001:0000d0f0       c2_f_emlrt_marshallIn      000000018000e0f0 f   c2_continental_test.obj
 0001:0000d180       init_dsm_address_info      000000018000e180 f   c2_continental_test.obj
 0001:0000d8b0       sf_get_sim_state_info_c2_continental_test 000000018000e8b0 f   c2_continental_test.obj
 0001:0000d980       chart_debug_initialization 000000018000e980 f   c2_continental_test.obj
 0001:0000ea50       sf_get_instance_specialization 000000018000fa50 f   c2_continental_test.obj
 0001:0000ea60       sf_opaque_initialize_c2_continental_test 000000018000fa60 f   c2_continental_test.obj
 0001:0000eaa0       sf_opaque_enable_c2_continental_test 000000018000faa0 f   c2_continental_test.obj
 0001:0000eac0       sf_opaque_disable_c2_continental_test 000000018000fac0 f   c2_continental_test.obj
 0001:0000eae0       sf_opaque_gateway_c2_continental_test 000000018000fae0 f   c2_continental_test.obj
 0001:0000edc0       sf_opaque_get_sim_state_c2_continental_test 000000018000fdc0 f   c2_continental_test.obj
 0001:0000ede0       sf_opaque_set_sim_state_c2_continental_test 000000018000fde0 f   c2_continental_test.obj
 0001:0000ee10       sf_opaque_terminate_c2_continental_test 000000018000fe10 f   c2_continental_test.obj
 0001:0000eeb0       sf_opaque_init_subchart_simstructs 000000018000feb0 f   c2_continental_test.obj
 0001:0000eed0       mdlProcessParameters_c2_continental_test 000000018000fed0 f   c2_continental_test.obj
 0001:0000efb0       mdlSetWorkWidths_c2_continental_test 000000018000ffb0 f   c2_continental_test.obj
 0001:0000f530       mdlRTW_c2_continental_test 0000000180010530 f   c2_continental_test.obj
 0001:0000f570       mdlStart_c2_continental_test 0000000180010570 f   c2_continental_test.obj
 0001:0000f960       initialize_c3_continental_test 0000000180010960 f   c3_continental_test.obj
 0001:0000f9b0       initialize_params_c3_continental_test 00000001800109b0 f   c3_continental_test.obj
 0001:0000f9c0       enable_c3_continental_test 00000001800109c0 f   c3_continental_test.obj
 0001:0000f9f0       disable_c3_continental_test 00000001800109f0 f   c3_continental_test.obj
 0001:0000fa20       c3_update_debugger_state_c3_continental_test 0000000180010a20 f   c3_continental_test.obj
 0001:0000fa30       get_sim_state_c3_continental_test 0000000180010a30 f   c3_continental_test.obj
 0001:0000fdd0       set_sim_state_c3_continental_test 0000000180010dd0 f   c3_continental_test.obj
 0001:00010050       finalize_c3_continental_test 0000000180011050 f   c3_continental_test.obj
 0001:00010060       sf_gateway_c3_continental_test 0000000180011060 f   c3_continental_test.obj
 0001:00012bf0       initSimStructsc3_continental_test 0000000180013bf0 f   c3_continental_test.obj
 0001:00012c00       init_script_number_translation 0000000180013c00 f   c3_continental_test.obj
 0001:00012c20       c3_sf_marshallOut          0000000180013c20 f   c3_continental_test.obj
 0001:00012d60       c3_emlrt_marshallIn        0000000180013d60 f   c3_continental_test.obj
 0001:00012dd0       c3_b_emlrt_marshallIn      0000000180013dd0 f   c3_continental_test.obj
 0001:00012ec0       c3_sf_marshallIn           0000000180013ec0 f   c3_continental_test.obj
 0001:00012fb0       c3_b_sf_marshallOut        0000000180013fb0 f   c3_continental_test.obj
 0001:00013060       c3_c_emlrt_marshallIn      0000000180014060 f   c3_continental_test.obj
 0001:000130f0       c3_b_sf_marshallIn         00000001800140f0 f   c3_continental_test.obj
 0001:00013190       c3_c_sf_marshallOut        0000000180014190 f   c3_continental_test.obj
 0001:000132e0       c3_d_emlrt_marshallIn      00000001800142e0 f   c3_continental_test.obj
 0001:000133d0       c3_c_sf_marshallIn         00000001800143d0 f   c3_continental_test.obj
 0001:000134d0       c3_d_sf_marshallOut        00000001800144d0 f   c3_continental_test.obj
 0001:00013600       c3_e_sf_marshallOut        0000000180014600 f   c3_continental_test.obj
 0001:00013750       c3_e_emlrt_marshallIn      0000000180014750 f   c3_continental_test.obj
 0001:00013850       c3_d_sf_marshallIn         0000000180014850 f   c3_continental_test.obj
 0001:00013950       c3_g_emlrt_marshallIn      0000000180014950 f   c3_continental_test.obj
 0001:000139b0       c3_h_emlrt_marshallIn      00000001800149b0 f   c3_continental_test.obj
 0001:00013a40       init_dsm_address_info      0000000180014a40 f   c3_continental_test.obj
 0001:00014170       sf_get_sim_state_info_c3_continental_test 0000000180015170 f   c3_continental_test.obj
 0001:00014240       chart_debug_initialization 0000000180015240 f   c3_continental_test.obj
 0001:00014ea0       sf_get_instance_specialization 0000000180015ea0 f   c3_continental_test.obj
 0001:00014eb0       sf_opaque_initialize_c3_continental_test 0000000180015eb0 f   c3_continental_test.obj
 0001:00014ef0       sf_opaque_enable_c3_continental_test 0000000180015ef0 f   c3_continental_test.obj
 0001:00014f10       sf_opaque_disable_c3_continental_test 0000000180015f10 f   c3_continental_test.obj
 0001:00014f30       sf_opaque_gateway_c3_continental_test 0000000180015f30 f   c3_continental_test.obj
 0001:00015210       sf_opaque_get_sim_state_c3_continental_test 0000000180016210 f   c3_continental_test.obj
 0001:00015230       sf_opaque_set_sim_state_c3_continental_test 0000000180016230 f   c3_continental_test.obj
 0001:00015260       sf_opaque_terminate_c3_continental_test 0000000180016260 f   c3_continental_test.obj
 0001:00015300       sf_opaque_init_subchart_simstructs 0000000180016300 f   c3_continental_test.obj
 0001:00015320       mdlProcessParameters_c3_continental_test 0000000180016320 f   c3_continental_test.obj
 0001:00015400       mdlSetWorkWidths_c3_continental_test 0000000180016400 f   c3_continental_test.obj
 0001:00015910       mdlRTW_c3_continental_test 0000000180016910 f   c3_continental_test.obj
 0001:00015950       mdlStart_c3_continental_test 0000000180016950 f   c3_continental_test.obj
 0001:00015d30       initialize_c4_continental_test 0000000180016d30 f   c4_continental_test.obj
 0001:00015d80       initialize_params_c4_continental_test 0000000180016d80 f   c4_continental_test.obj
 0001:00015d90       enable_c4_continental_test 0000000180016d90 f   c4_continental_test.obj
 0001:00015dc0       disable_c4_continental_test 0000000180016dc0 f   c4_continental_test.obj
 0001:00015df0       c4_update_debugger_state_c4_continental_test 0000000180016df0 f   c4_continental_test.obj
 0001:00015e00       get_sim_state_c4_continental_test 0000000180016e00 f   c4_continental_test.obj
 0001:00016000       set_sim_state_c4_continental_test 0000000180017000 f   c4_continental_test.obj
 0001:00016150       finalize_c4_continental_test 0000000180017150 f   c4_continental_test.obj
 0001:00016160       sf_gateway_c4_continental_test 0000000180017160 f   c4_continental_test.obj
 0001:00017210       initSimStructsc4_continental_test 0000000180018210 f   c4_continental_test.obj
 0001:00017220       init_script_number_translation 0000000180018220 f   c4_continental_test.obj
 0001:00017240       c4_sf_marshallOut          0000000180018240 f   c4_continental_test.obj
 0001:00017420       c4_emlrt_marshallIn        0000000180018420 f   c4_continental_test.obj
 0001:00017490       c4_b_emlrt_marshallIn      0000000180018490 f   c4_continental_test.obj
 0001:00017590       c4_sf_marshallIn           0000000180018590 f   c4_continental_test.obj
 0001:000176d0       c4_b_sf_marshallOut        00000001800186d0 f   c4_continental_test.obj
 0001:00017780       c4_c_emlrt_marshallIn      0000000180018780 f   c4_continental_test.obj
 0001:00017810       c4_b_sf_marshallIn         0000000180018810 f   c4_continental_test.obj
 0001:000178b0       c4_info_helper             00000001800188b0 f   c4_continental_test.obj
 0001:0001e420       c4_emlrt_marshallOut       000000018001f420 f   c4_continental_test.obj
 0001:0001e4b0       c4_b_emlrt_marshallOut     000000018001f4b0 f   c4_continental_test.obj
 0001:0001e520       c4_eml_sort_le             000000018001f520 f   c4_continental_test.obj
 0001:0001e8c0       c4_e_emlrt_marshallIn      000000018001f8c0 f   c4_continental_test.obj
 0001:0001e920       c4_f_emlrt_marshallIn      000000018001f920 f   c4_continental_test.obj
 0001:0001e9b0       c4_b_sortrows              000000018001f9b0 f   c4_continental_test.obj
 0001:0001f680       init_dsm_address_info      0000000180020680 f   c4_continental_test.obj
 0001:0001fc50       sf_get_sim_state_info_c4_continental_test 0000000180020c50 f   c4_continental_test.obj
 0001:0001fd20       chart_debug_initialization 0000000180020d20 f   c4_continental_test.obj
 0001:000207c0       sf_get_instance_specialization 00000001800217c0 f   c4_continental_test.obj
 0001:000207d0       sf_opaque_initialize_c4_continental_test 00000001800217d0 f   c4_continental_test.obj
 0001:00020810       sf_opaque_enable_c4_continental_test 0000000180021810 f   c4_continental_test.obj
 0001:00020830       sf_opaque_disable_c4_continental_test 0000000180021830 f   c4_continental_test.obj
 0001:00020850       sf_opaque_gateway_c4_continental_test 0000000180021850 f   c4_continental_test.obj
 0001:00020b30       sf_opaque_get_sim_state_c4_continental_test 0000000180021b30 f   c4_continental_test.obj
 0001:00020b50       sf_opaque_set_sim_state_c4_continental_test 0000000180021b50 f   c4_continental_test.obj
 0001:00020b80       sf_opaque_terminate_c4_continental_test 0000000180021b80 f   c4_continental_test.obj
 0001:00020c20       sf_opaque_init_subchart_simstructs 0000000180021c20 f   c4_continental_test.obj
 0001:00020c40       mdlProcessParameters_c4_continental_test 0000000180021c40 f   c4_continental_test.obj
 0001:00020d20       mdlSetWorkWidths_c4_continental_test 0000000180021d20 f   c4_continental_test.obj
 0001:00021270       mdlRTW_c4_continental_test 0000000180022270 f   c4_continental_test.obj
 0001:000212b0       mdlStart_c4_continental_test 00000001800222b0 f   c4_continental_test.obj
 0001:000216a0       initialize_c5_continental_test 00000001800226a0 f   c5_continental_test.obj
 0001:000216f0       initialize_params_c5_continental_test 00000001800226f0 f   c5_continental_test.obj
 0001:00021700       enable_c5_continental_test 0000000180022700 f   c5_continental_test.obj
 0001:00021730       disable_c5_continental_test 0000000180022730 f   c5_continental_test.obj
 0001:00021760       c5_update_debugger_state_c5_continental_test 0000000180022760 f   c5_continental_test.obj
 0001:00021770       get_sim_state_c5_continental_test 0000000180022770 f   c5_continental_test.obj
 0001:00021a60       set_sim_state_c5_continental_test 0000000180022a60 f   c5_continental_test.obj
 0001:00021c40       finalize_c5_continental_test 0000000180022c40 f   c5_continental_test.obj
 0001:00021c50       sf_gateway_c5_continental_test 0000000180022c50 f   c5_continental_test.obj
[...]
 0004:000006c0       $pdata$c4_b_emlrt_marshallIn 000000018003c6c0     c4_continental_test.obj
 0004:000006cc       $pdata$c4_sf_marshallIn    000000018003c6cc     c4_continental_test.obj
 0004:000006d8       $pdata$c4_b_sf_marshallOut 000000018003c6d8     c4_continental_test.obj
 0004:000006e4       $pdata$c4_c_emlrt_marshallIn 000000018003c6e4     c4_continental_test.obj
 0004:000006f0       $pdata$c4_b_sf_marshallIn  000000018003c6f0     c4_continental_test.obj
 0004:000006fc       $pdata$c4_info_helper      000000018003c6fc     c4_continental_test.obj
 0004:00000708       $pdata$c4_emlrt_marshallOut 000000018003c708     c4_continental_test.obj
 0004:00000714       $pdata$c4_b_emlrt_marshallOut 000000018003c714     c4_continental_test.obj
 0004:00000720       $pdata$c4_eml_sort_le      000000018003c720     c4_continental_test.obj
 0004:0000072c       $pdata$c4_e_emlrt_marshallIn 000000018003c72c     c4_continental_test.obj
 0004:00000738       $pdata$c4_f_emlrt_marshallIn 000000018003c738     c4_continental_test.obj
 0004:00000744       $pdata$c4_b_sortrows       000000018003c744     c4_continental_test.obj
 0004:00000750       $pdata$sf_c4_continental_test_get_autoinheritance_info 000000018003c750     c4_continental_test.obj
 0004:0000075c       $pdata$sf_c4_continental_test_third_party_uses_info 000000018003c75c     c4_continental_test.obj
 0004:00000768       $pdata$sf_c4_continental_test_updateBuildInfo_args_info 000000018003c768     c4_continental_test.obj
 0004:00000774       $pdata$sf_get_sim_state_info_c4_continental_test 000000018003c774     c4_continental_test.obj
 0004:00000780       $pdata$chart_debug_initialization 000000018003c780     c4_continental_test.obj
 0004:0000078c       $pdata$sf_opaque_initialize_c4_continental_test 000000018003c78c     c4_continental_test.obj
 0004:00000798       $pdata$sf_opaque_enable_c4_continental_test 000000018003c798     c4_continental_test.obj
 0004:000007a4       $pdata$sf_opaque_disable_c4_continental_test 000000018003c7a4     c4_continental_test.obj
 0004:000007b0       $pdata$sf_opaque_gateway_c4_continental_test 000000018003c7b0     c4_continental_test.obj
 0004:000007bc       $pdata$sf_internal_get_sim_state_c4_continental_test 000000018003c7bc     c4_continental_test.obj
 0004:000007c8       $pdata$sf_internal_set_sim_state_c4_continental_test 000000018003c7c8     c4_continental_test.obj
 0004:000007d4       $pdata$sf_opaque_get_sim_state_c4_continental_test 000000018003c7d4     c4_continental_test.obj
 0004:000007e0       $pdata$sf_opaque_set_sim_state_c4_continental_test 000000018003c7e0     c4_continental_test.obj
 0004:000007ec       $pdata$sf_opaque_terminate_c4_continental_test 000000018003c7ec     c4_continental_test.obj
 0004:000007f8       $pdata$sf_opaque_init_subchart_simstructs 000000018003c7f8     c4_continental_test.obj
 0004:00000804       $pdata$mdlProcessParameters_c4_continental_test 000000018003c804     c4_continental_test.obj
 0004:00000810       $pdata$mdlSetWorkWidths_c4_continental_test 000000018003c810     c4_continental_test.obj
 0004:0000081c       $pdata$mdlRTW_c4_continental_test 000000018003c81c     c4_continental_test.obj
 0004:00000828       $pdata$mdlStart_c4_continental_test 000000018003c828     c4_continental_test.obj
 0004:00000834       $pdata$sf_c5_continental_test_get_eml_resolved_functions_info 000000018003c834     c5_continental_test.obj
 0004:00000840       $pdata$sf_c5_continental_test_get_check_sum 000000018003c840     c5_continental_test.obj
 0004:0000084c       $pdata$c5_continental_test_method_dispatcher 000000018003c84c     c5_continental_test.obj
 0004:00000858       $pdata$initialize_c5_continental_test 000000018003c858     c5_continental_test.obj
 0004:00000864       $pdata$enable_c5_continental_test 000000018003c864     c5_continental_test.obj
 0004:00000870       $pdata$disable_c5_continental_test 000000018003c870     c5_continental_test.obj
 0004:0000087c       $pdata$get_sim_state_c5_continental_test 000000018003c87c     c5_continental_test.obj
 0004:00000888       $pdata$set_sim_state_c5_continental_test 000000018003c888     c5_continental_test.obj
 0004:00000894       $pdata$sf_gateway_c5_continental_test 000000018003c894     c5_continental_test.obj
 0004:000008a0       $pdata$c5_sf_marshallOut   000000018003c8a0     c5_continental_test.obj
 0004:000008ac       $pdata$c5_emlrt_marshallIn 000000018003c8ac     c5_continental_test.obj
 0004:000008b8       $pdata$c5_b_emlrt_marshallIn 000000018003c8b8     c5_continental_test.obj
 0004:000008c4       $pdata$c5_sf_marshallIn    000000018003c8c4     c5_continental_test.obj
 0004:000008d0       $pdata$c5_b_sf_marshallOut 000000018003c8d0     c5_continental_test.obj
 0004:000008dc       $pdata$c5_c_emlrt_marshallIn 000000018003c8dc     c5_continental_test.obj
 0004:000008e8       $pdata$c5_d_emlrt_marshallIn 000000018003c8e8     c5_continental_test.obj
 0004:000008f4       $pdata$c5_b_sf_marshallIn  000000018003c8f4     c5_continental_test.obj
 0004:00000900       $pdata$c5_c_sf_marshallOut 000000018003c900     c5_continental_test.obj
 0004:0000090c       $pdata$c5_e_emlrt_marshallIn 000000018003c90c     c5_continental_test.obj
 0004:00000918       $pdata$c5_c_sf_marshallIn  000000018003c918     c5_continental_test.obj
 0004:00000924       $pdata$c5_g_emlrt_marshallIn 000000018003c924     c5_continental_test.obj
 0004:00000930       $pdata$c5_h_emlrt_marshallIn 000000018003c930     c5_continental_test.obj
 0004:0000093c       $pdata$sf_c5_continental_test_get_autoinheritance_info 000000018003c93c     c5_continental_test.obj
 0004:00000948       $pdata$sf_c5_continental_test_third_party_uses_info 000000018003c948     c5_continental_test.obj
 0004:00000954       $pdata$sf_c5_continental_test_updateBuildInfo_args_info 000000018003c954     c5_continental_test.obj
 0004:00000960       $pdata$sf_get_sim_state_info_c5_continental_test 000000018003c960     c5_continental_test.obj
 0004:0000096c       $pdata$chart_debug_initialization 000000018003c96c     c5_continental_test.obj
 0004:00000978       $pdata$sf_opaque_initialize_c5_continental_test 000000018003c978     c5_continental_test.obj
 0004:00000984       $pdata$sf_opaque_enable_c5_continental_test 000000018003c984     c5_continental_test.obj
 0004:00000990       $pdata$sf_opaque_disable_c5_continental_test 000000018003c990     c5_continental_test.obj
 0004:0000099c       $pdata$sf_opaque_gateway_c5_continental_test 000000018003c99c     c5_continental_test.obj
 0004:000009a8       $pdata$sf_internal_get_sim_state_c5_continental_test 000000018003c9a8     c5_continental_test.obj
 0004:000009b4       $pdata$sf_internal_set_sim_state_c5_continental_test 000000018003c9b4     c5_continental_test.obj
 0004:000009c0       $pdata$sf_opaque_get_sim_state_c5_continental_test 000000018003c9c0     c5_continental_test.obj
 0004:000009cc       $pdata$sf_opaque_set_sim_state_c5_continental_test 000000018003c9cc     c5_continental_test.obj
 0004:000009d8       $pdata$sf_opaque_terminate_c5_continental_test 000000018003c9d8     c5_continental_test.obj
 0004:000009e4       $pdata$sf_opaque_init_subchart_simstructs 000000018003c9e4     c5_continental_test.obj
 0004:000009f0       $pdata$mdlProcessParameters_c5_continental_test 000000018003c9f0     c5_continental_test.obj
 0004:000009fc       $pdata$mdlSetWorkWidths_c5_continental_test 000000018003c9fc     c5_continental_test.obj
 0004:00000a08       $pdata$mdlRTW_c5_continental_test 000000018003ca08     c5_continental_test.obj
 0004:00000a14       $pdata$mdlStart_c5_continental_test 000000018003ca14     c5_continental_test.obj
 0004:00000a20       $pdata$mexFunction         000000018003ca20     continental_test_sfun_registry.obj
 0004:00000a2c       $pdata$_ssSetInputPortDirectFeedThroughFcn 000000018003ca2c     continental_test_sfun_registry.obj
 0004:00000a38       $pdata$_ssGetInputPortSignalPtrsFcn 000000018003ca38     continental_test_sfun_registry.obj
 0004:00000a44       $pdata$_ssGetInputPortSignalFcn 000000018003ca44     continental_test_sfun_registry.obj
 0004:00000a50       $pdata$_ssSetInputPortReusableFcn 000000018003ca50     continental_test_sfun_registry.obj
 0004:00000a5c       $pdata$_ssSetOutputPortReusableFcn 000000018003ca5c     continental_test_sfun_registry.obj
 0004:00000a68       $pdata$ssGetIsZeroCrossControlDisabled 000000018003ca68     continental_test_sfun_registry.obj
 0004:00000a74       $pdata$ssSetIsInputPortUsedForContZcSignal 000000018003ca74     continental_test_sfun_registry.obj
 0004:00000a80       $pdata$ssSetZcSignalIsZcElementDisc 000000018003ca80     continental_test_sfun_registry.obj
 0004:00000a8c       $pdata$ssSetZcSignalName   000000018003ca8c     continental_test_sfun_registry.obj
 0004:00000a98       $pdata$ssSetZcSignalWidth  000000018003ca98     continental_test_sfun_registry.obj
 0004:00000aa4       $pdata$ssSetZcSignalZcEventType 000000018003caa4     continental_test_sfun_registry.obj
 0004:00000ab0       $pdata$ssSetZcSignalType   000000018003cab0     continental_test_sfun_registry.obj
 0004:00000abc       $pdata$ssSetZcSignalZcTol  000000018003cabc     continental_test_sfun_registry.obj
 0004:00000ac8       $pdata$ssSetZcSignalNeedsEventNotification 000000018003cac8     continental_test_sfun_registry.obj
 0004:00000ad4       $pdata$ssCreateAndAddZcSignalInfo 000000018003cad4     continental_test_sfun_registry.obj
 0004:00000ae0       $pdata$ssCloneAndAddZcSignalInfo 000000018003cae0     continental_test_sfun_registry.obj
 0004:00000aec       $pdata$ssGetNumZcSignals   000000018003caec     continental_test_sfun_registry.obj
 0004:00000af8       $pdata$ssGetZcSignalVector 000000018003caf8     continental_test_sfun_registry.obj
 0004:00000b04       $pdata$ssGetZcSignalName   000000018003cb04     continental_test_sfun_registry.obj
 0004:00000b10       $pdata$ssGetZcSignalWidth  000000018003cb10     continental_test_sfun_registry.obj
 0004:00000b1c       $pdata$ssGetZcSignalZcEventType 000000018003cb1c     continental_test_sfun_registry.obj
 0004:00000b28       $pdata$ssGetZcSignalZcEvents 000000018003cb28     continental_test_sfun_registry.obj
 0004:00000b34       $pdata$ssGetZcSignalType   000000018003cb34     continental_test_sfun_registry.obj
 0004:00000b40       $pdata$ssGetZcSignalZcTol  000000018003cb40     continental_test_sfun_registry.obj
 0004:00000b4c       $pdata$ssGetZcSignalNeedsEventNotification 000000018003cb4c     continental_test_sfun_registry.obj
 0004:00000b58       $pdata$ssGetZcSignalIsZcElementDisc 000000018003cb58     continental_test_sfun_registry.obj
 0004:00000b64       $pdata$ssGetIsInputPortElementContinuous 000000018003cb64     continental_test_sfun_registry.obj
 0004:00000b70       $pdata$ssGetDTypeIdFromMxArray 000000018003cb70     continental_test_sfun_registry.obj
 0004:00000b7c       $pdata$ssWriteRTWStr       000000018003cb7c     continental_test_sfun_registry.obj
 0004:00000b88       $pdata$ssWriteRTWNameValuePair 000000018003cb88     continental_test_sfun_registry.obj
 0004:00000b94       $pdata$ssWriteRTWParamSettings 000000018003cb94     continental_test_sfun_registry.obj
 0004:00000ba0       $pdata$ssWriteRTWParameters 000000018003cba0     continental_test_sfun_registry.obj
 0004:00000bac       $pdata$ssWriteRTWWorkVect  000000018003cbac     continental_test_sfun_registry.obj
 0004:00000bb8       $pdata$ssWriteRTWMxVectParam 000000018003cbb8     continental_test_sfun_registry.obj
 0004:00000bc4       $pdata$ssWriteRTWMx2dMatParam 000000018003cbc4     continental_test_sfun_registry.obj
 0004:00000bd0       $pdata$_ssSetInputPortMatrixDimensions 000000018003cbd0     continental_test_sfun_registry.obj
 0004:00000bdc       $pdata$_ssSetOutputPortMatrixDimensions 000000018003cbdc     continental_test_sfun_registry.obj
 0004:00000be8       $pdata$_ssSetInputPortVectorDimension 000000018003cbe8     continental_test_sfun_registry.obj
 0004:00000bf4       $pdata$_ssSetOutputPortVectorDimension 000000018003cbf4     continental_test_sfun_registry.obj
 0004:00000c00       $pdata$ssIsRunTimeParamTunable 000000018003cc00     continental_test_sfun_registry.obj
 0004:00000c0c       $pdata$ssGetSFuncBlockHandle 000000018003cc0c     continental_test_sfun_registry.obj
 0004:00000c18       $pdata$_ssGetCurrentInputPortWidth 000000018003cc18     continental_test_sfun_registry.obj
 0004:00000c24       $pdata$_ssGetCurrentOutputPortWidth 000000018003cc24     continental_test_sfun_registry.obj
 0004:00000c30       $pdata$_ssGetCallSystemNumFcnCallDestinations 000000018003cc30     continental_test_sfun_registry.obj
 0004:00000c3c       $pdata$ssWarning           000000018003cc3c     continental_test_sfun_registry.obj
 0004:00000c48       $pdata$_ssGetAbsTol        000000018003cc48     continental_test_sfun_registry.obj
 0004:00000c54       $pdata$sf_process_check_sum_call 000000018003cc54     continental_test_sfun_registry.obj
 0004:00000c60       $pdata$sf_process_autoinheritance_call 000000018003cc60     continental_test_sfun_registry.obj
 0004:00000c6c       $pdata$sf_process_get_third_party_uses_info_call 000000018003cc6c     continental_test_sfun_registry.obj
 0004:00000c78       $pdata$sf_process_get_updateBuildInfo_args_info_call 000000018003cc78     continental_test_sfun_registry.obj
 0004:00000c84       $pdata$sf_process_get_eml_resolved_functions_info_call 000000018003cc84     continental_test_sfun_registry.obj
 0004:00000c90       $pdata$sf_mex_unlock_call  000000018003cc90     continental_test_sfun_registry.obj
 0004:00000c9c       $pdata$sf_debug_api_wrapper 000000018003cc9c     continental_test_sfun_registry.obj
 0004:00000ca8       $pdata$ProcessMexSfunctionCmdLineCall 000000018003cca8     continental_test_sfun_registry.obj
 0004:00000cb4       $pdata$sf_machine_global_initializer_called 000000018003ccb4     continental_test_sfun_registry.obj
 0004:00000cc0       $pdata$sf_machine_global_method_dispatcher 000000018003ccc0     continental_test_sfun_registry.obj
 0004:00000ccc       $pdata$sf_machine_global_terminator 000000018003cccc     continental_test_sfun_registry.obj
 0004:00000cd8       $pdata$sf_register_machine_exported_symbols 000000018003ccd8     continental_test_sfun_registry.obj
 0004:00000ce4       $pdata$sf_machine_global_initializer 000000018003cce4     continental_test_sfun_registry.obj
 0004:00000cf0       $pdata$getChartInfoFromSimStruct 000000018003ccf0     continental_test_sfun_registry.obj
 0004:00000cfc       $pdata$mdlGetSimState      000000018003ccfc     continental_test_sfun_registry.obj
 0004:00000d08       $pdata$mdlSetSimState      000000018003cd08     continental_test_sfun_registry.obj
 0004:00000d14       $pdata$mdlSetWorkWidths    000000018003cd14     continental_test_sfun_registry.obj
 0004:00000d20       $pdata$mdlProcessParameters 000000018003cd20     continental_test_sfun_registry.obj
 0004:00000d2c       $pdata$mdl_start_processing 000000018003cd2c     continental_test_sfun_registry.obj
 0004:00000d38       $pdata$mdl_terminate_processing 000000018003cd38     continental_test_sfun_registry.obj
 0004:00000d44       $pdata$mdlStart            000000018003cd44     continental_test_sfun_registry.obj
 0004:00000d50       $pdata$mdlTerminate        000000018003cd50     continental_test_sfun_registry.obj
 0004:00000d5c       $pdata$mdlInitializeSizes  000000018003cd5c     continental_test_sfun_registry.obj
 0004:00000d68       $pdata$mdlInitializeSampleTimes 000000018003cd68     continental_test_sfun_registry.obj
 0004:00000d74       $pdata$mdl_outputs_continuous_legacy 000000018003cd74     continental_test_sfun_registry.obj
 0004:00000d80       $pdata$mdl_outputs_processing 000000018003cd80     continental_test_sfun_registry.obj
 0004:00000d8c       $pdata$mdl_zeroCrossings_processing 000000018003cd8c     continental_test_sfun_registry.obj
 0004:00000d98       $pdata$mdlZeroCrossings    000000018003cd98     continental_test_sfun_registry.obj
 0004:00000da4       $pdata$mdl_derivatives_processing 000000018003cda4     continental_test_sfun_registry.obj
 0004:00000db0       $pdata$mdlDerivatives      000000018003cdb0     continental_test_sfun_registry.obj
 0004:00000dbc       $pdata$mdl_initialize_conditions_processing 000000018003cdbc     continental_test_sfun_registry.obj
 0004:00000dc8       $pdata$mdlInitializeConditions 000000018003cdc8     continental_test_sfun_registry.obj
 0004:00000dd4       $pdata$mdl_ext_mode_exec_processing 000000018003cdd4     continental_test_sfun_registry.obj
 0004:00000de0       $pdata$mdlExtModeExec      000000018003cde0     continental_test_sfun_registry.obj
 0004:00000dec       $pdata$mdlRTW              000000018003cdec     continental_test_sfun_registry.obj
 0004:00000df8       $pdata$mdl_enable_processing 000000018003cdf8     continental_test_sfun_registry.obj
 0004:00000e04       $pdata$mdlEnable           000000018003ce04     continental_test_sfun_registry.obj
 0004:00000e10       $pdata$mdl_disable_processing 000000018003ce10     continental_test_sfun_registry.obj
 0004:00000e1c       $pdata$mdlDisable          000000018003ce1c     continental_test_sfun_registry.obj
 0004:00000e28       $pdata$mdlOutputs          000000018003ce28     continental_test_sfun_registry.obj
 0004:00000e34       $pdata$ProcessMexSfunctionEveryCall 000000018003ce34     continental_test_sfun_registry.obj
 0004:00000e40       $pdata$_RegNumInputPortsCB 000000018003ce40     continental_test_sfun_registry.obj
 0004:00000e4c       $pdata$_RegNumOutputPortsCB 000000018003ce4c     continental_test_sfun_registry.obj
 0004:00000e58       $pdata$_CreateSimStruct    000000018003ce58     continental_test_sfun_registry.obj
 0004:00000e64       $pdata$_ssFatalError       000000018003ce64     continental_test_sfun_registry.obj
 0004:00000e70       $pdata$_ProcessMexSfunctionCmdLineCall 000000018003ce70     continental_test_sfun_registry.obj
 0004:00000e7c       $pdata$__raise_securityfailure 000000018003ce7c     MSVCRT:gs_report.obj
 0004:00000e88       $pdata$__report_gsfailure  000000018003ce88     MSVCRT:gs_report.obj
 0004:00000e94       $pdata$__report_rangecheckfailure 000000018003ce94     MSVCRT:gs_report.obj
 0004:00000ea0       $pdata$__report_securityfailure 000000018003cea0     MSVCRT:gs_report.obj
 0004:00000eac       $pdata$__report_securityfailureEx 000000018003ceac     MSVCRT:gs_report.obj
 0004:00000eb8       $pdata$__GSHandlerCheck    000000018003ceb8     MSVCRT:gshandler.obj
 0004:00000ec4       $pdata$__GSHandlerCheckCommon 000000018003cec4     MSVCRT:gshandler.obj
 0004:00000edc       $pdata$pre_c_init          000000018003cedc     MSVCRT:crtdll.obj
 0004:00000ee8       $pdata$_CRT_INIT           000000018003cee8     MSVCRT:crtdll.obj
 0004:00000ef4       $pdata$_DllMainCRTStartup  000000018003cef4     MSVCRT:crtdll.obj
 0004:00000f00       $pdata$__DllMainCRTStartup 000000018003cf00     MSVCRT:crtdll.obj
 0004:00000f0c       $pdata$_IsNonwritableInCurrentImage 000000018003cf0c     MSVCRT:pesect.obj
 0004:00000f18       $pdata$__atonexitinit      000000018003cf18     MSVCRT:atonexit.obj
 0004:00000f24       $pdata$_onexit             000000018003cf24     MSVCRT:atonexit.obj
 0004:00000f30       $pdata$atexit              000000018003cf30     MSVCRT:atonexit.obj
 0004:00000f3c       $pdata$__security_init_cookie 000000018003cf3c     MSVCRT:gs_support.obj
 0004:00000f48       $pdata$DllMain             000000018003cf48     MSVCRT:dllmain.obj
 0004:00000f54       $pdata$_RTC_Initialize     000000018003cf54     MSVCRT:initsect.obj
 0004:00000f60       $pdata$_RTC_Terminate      000000018003cf60     MSVCRT:initsect.obj
 0004:00000f6c       $pdata$__DllMainCRTStartup$filt$0 000000018003cf6c     MSVCRT:crtdll.obj
 0004:00000f78       $pdata$__DllMainCRTStartup$fin$1 000000018003cf78     MSVCRT:crtdll.obj
 0004:00000f84       $pdata$_IsNonwritableInCurrentImage$filt$0 000000018003cf84     MSVCRT:pesect.obj
 0004:00000f90       $pdata$_onexit$fin$0       000000018003cf90     MSVCRT:atonexit.obj
